11:55:43 **** Clean-only build of configuration Debug for project app ****
make clean 
rm -rf  ./src/helloworld.o ./src/platform.o  ./src/helloworld.d ./src/platform.d  app.elf.size  app.elf
 
11:55:44 **** Build of configuration Debug for project app ****
make pre-build main-build 
a9-linaro-pre-build-step
 
Building file: ../src/helloworld.c
Invoking: ARM v7 gcc compiler
arm-none-eabi-gcc -Wall -O0 -g3 -c -fmessage-length=0 -MT"src/helloworld.o" -mcpu=cortex-a9 -mfpu=vfpv3 -mfloat-abi=hard -I../../app_bsp/ps7_cortexa9_0/include -MMD -MP -MF"src/helloworld.d" -MT"src/helloworld.o" -o "src/helloworld.o" "../src/helloworld.c"
../src/helloworld.c:50:10: fatal error: xil_printf.h: No such file or directory
 #include "xil_printf.h"
          ^~~~~~~~~~~~~~
compilation terminated.
make: *** [src/helloworld.o] Error 1
11:56:34 **** Build of project app_bsp ****
make -k all 
"Running Make include in ps7_cortexa9_0/libsrc/coresightps_dcc_v1_4/src"
make -C ps7_cortexa9_0/libsrc/coresightps_dcc_v1_4/src -s include  "SHELL=CMD" "COMPILER=arm-none-eabi-gcc" "ARCHIVER=arm-none-eabi-ar" "COMPILER_FLAGS=  -O2 -c" "EXTRA_COMPILER_FLAGS=-mcpu=cortex-a9 -mfpu=vfpv3 -mfloat-abi=hard -nostartfiles -g -Wall -Wextra"
"Running Make include in ps7_cortexa9_0/libsrc/cpu_cortexa9_v2_6/src"
make -C ps7_cortexa9_0/libsrc/cpu_cortexa9_v2_6/src -s include  "SHELL=CMD" "COMPILER=arm-none-eabi-gcc" "ARCHIVER=arm-none-eabi-ar" "COMPILER_FLAGS=  -O2 -c" "EXTRA_COMPILER_FLAGS=-mcpu=cortex-a9 -mfpu=vfpv3 -mfloat-abi=hard -nostartfiles -g -Wall -Wextra"
"Running Make include in ps7_cortexa9_0/libsrc/ddrps_v1_0/src"
make -C ps7_cortexa9_0/libsrc/ddrps_v1_0/src -s include  "SHELL=CMD" "COMPILER=arm-none-eabi-gcc" "ARCHIVER=arm-none-eabi-ar" "COMPILER_FLAGS=  -O2 -c" "EXTRA_COMPILER_FLAGS=-mcpu=cortex-a9 -mfpu=vfpv3 -mfloat-abi=hard -nostartfiles -g -Wall -Wextra"
"Running Make include in ps7_cortexa9_0/libsrc/devcfg_v3_5/src"
make -C ps7_cortexa9_0/libsrc/devcfg_v3_5/src -s include  "SHELL=CMD" "COMPILER=arm-none-eabi-gcc" "ARCHIVER=arm-none-eabi-ar" "COMPILER_FLAGS=  -O2 -c" "EXTRA_COMPILER_FLAGS=-mcpu=cortex-a9 -mfpu=vfpv3 -mfloat-abi=hard -nostartfiles -g -Wall -Wextra"
"Running Make include in ps7_cortexa9_0/libsrc/dmaps_v2_3/src"
make -C ps7_cortexa9_0/libsrc/dmaps_v2_3/src -s include  "SHELL=CMD" "COMPILER=arm-none-eabi-gcc" "ARCHIVER=arm-none-eabi-ar" "COMPILER_FLAGS=  -O2 -c" "EXTRA_COMPILER_FLAGS=-mcpu=cortex-a9 -mfpu=vfpv3 -mfloat-abi=hard -nostartfiles -g -Wall -Wextra"
"Running Make include in ps7_cortexa9_0/libsrc/emacps_v3_7/src"
make -C ps7_cortexa9_0/libsrc/emacps_v3_7/src -s include  "SHELL=CMD" "COMPILER=arm-none-eabi-gcc" "ARCHIVER=arm-none-eabi-ar" "COMPILER_FLAGS=  -O2 -c" "EXTRA_COMPILER_FLAGS=-mcpu=cortex-a9 -mfpu=vfpv3 -mfloat-abi=hard -nostartfiles -g -Wall -Wextra"
"Running Make include in ps7_cortexa9_0/libsrc/gpiops_v3_3/src"
make -C ps7_cortexa9_0/libsrc/gpiops_v3_3/src -s include  "SHELL=CMD" "COMPILER=arm-none-eabi-gcc" "ARCHIVER=arm-none-eabi-ar" "COMPILER_FLAGS=  -O2 -c" "EXTRA_COMPILER_FLAGS=-mcpu=cortex-a9 -mfpu=vfpv3 -mfloat-abi=hard -nostartfiles -g -Wall -Wextra"
"Running Make include in ps7_cortexa9_0/libsrc/iic_v3_4/src"
make -C ps7_cortexa9_0/libsrc/iic_v3_4/src -s include  "SHELL=CMD" "COMPILER=arm-none-eabi-gcc" "ARCHIVER=arm-none-eabi-ar" "COMPILER_FLAGS=  -O2 -c" "EXTRA_COMPILER_FLAGS=-mcpu=cortex-a9 -mfpu=vfpv3 -mfloat-abi=hard -nostartfiles -g -Wall -Wextra"
"Running Make include in ps7_cortexa9_0/libsrc/iicps_v3_7/src"
make -C ps7_cortexa9_0/libsrc/iicps_v3_7/src -s include  "SHELL=CMD" "COMPILER=arm-none-eabi-gcc" "ARCHIVER=arm-none-eabi-ar" "COMPILER_FLAGS=  -O2 -c" "EXTRA_COMPILER_FLAGS=-mcpu=cortex-a9 -mfpu=vfpv3 -mfloat-abi=hard -nostartfiles -g -Wall -Wextra"
"Running Make include in ps7_cortexa9_0/libsrc/PmodJSTK2_v1_0/src"
make -C ps7_cortexa9_0/libsrc/PmodJSTK2_v1_0/src -s include  "SHELL=CMD" "COMPILER=arm-none-eabi-gcc" "ARCHIVER=arm-none-eabi-ar" "COMPILER_FLAGS=  -O2 -c" "EXTRA_COMPILER_FLAGS=-mcpu=cortex-a9 -mfpu=vfpv3 -mfloat-abi=hard -nostartfiles -g -Wall -Wextra"
"Running Make include in ps7_cortexa9_0/libsrc/scugic_v3_9/src"
make -C ps7_cortexa9_0/libsrc/scugic_v3_9/src -s include  "SHELL=CMD" "COMPILER=arm-none-eabi-gcc" "ARCHIVER=arm-none-eabi-ar" "COMPILER_FLAGS=  -O2 -c" "EXTRA_COMPILER_FLAGS=-mcpu=cortex-a9 -mfpu=vfpv3 -mfloat-abi=hard -nostartfiles -g -Wall -Wextra"
"Running Make include in ps7_cortexa9_0/libsrc/scutimer_v2_1/src"
make -C ps7_cortexa9_0/libsrc/scutimer_v2_1/src -s include  "SHELL=CMD" "COMPILER=arm-none-eabi-gcc" "ARCHIVER=arm-none-eabi-ar" "COMPILER_FLAGS=  -O2 -c" "EXTRA_COMPILER_FLAGS=-mcpu=cortex-a9 -mfpu=vfpv3 -mfloat-abi=hard -nostartfiles -g -Wall -Wextra"
"Running Make include in ps7_cortexa9_0/libsrc/scuwdt_v2_1/src"
make -C ps7_cortexa9_0/libsrc/scuwdt_v2_1/src -s include  "SHELL=CMD" "COMPILER=arm-none-eabi-gcc" "ARCHIVER=arm-none-eabi-ar" "COMPILER_FLAGS=  -O2 -c" "EXTRA_COMPILER_FLAGS=-mcpu=cortex-a9 -mfpu=vfpv3 -mfloat-abi=hard -nostartfiles -g -Wall -Wextra"
"Running Make include in ps7_cortexa9_0/libsrc/sdps_v3_5/src"
make -C ps7_cortexa9_0/libsrc/sdps_v3_5/src -s include  "SHELL=CMD" "COMPILER=arm-none-eabi-gcc" "ARCHIVER=arm-none-eabi-ar" "COMPILER_FLAGS=  -O2 -c" "EXTRA_COMPILER_FLAGS=-mcpu=cortex-a9 -mfpu=vfpv3 -mfloat-abi=hard -nostartfiles -g -Wall -Wextra"
"Running Make include in ps7_cortexa9_0/libsrc/standalone_v6_7/src"
make -C ps7_cortexa9_0/libsrc/standalone_v6_7/src -s include  "SHELL=CMD" "COMPILER=arm-none-eabi-gcc" "ARCHIVER=arm-none-eabi-ar" "COMPILER_FLAGS=  -O2 -c" "EXTRA_COMPILER_FLAGS=-mcpu=cortex-a9 -mfpu=vfpv3 -mfloat-abi=hard -nostartfiles -g -Wall -Wextra"
"Running Make include in ps7_cortexa9_0/libsrc/uartps_v3_6/src"
make -C ps7_cortexa9_0/libsrc/uartps_v3_6/src -s include  "SHELL=CMD" "COMPILER=arm-none-eabi-gcc" "ARCHIVER=arm-none-eabi-ar" "COMPILER_FLAGS=  -O2 -c" "EXTRA_COMPILER_FLAGS=-mcpu=cortex-a9 -mfpu=vfpv3 -mfloat-abi=hard -nostartfiles -g -Wall -Wextra"
"Running Make include in ps7_cortexa9_0/libsrc/usbps_v2_4/src"
make -C ps7_cortexa9_0/libsrc/usbps_v2_4/src -s include  "SHELL=CMD" "COMPILER=arm-none-eabi-gcc" "ARCHIVER=arm-none-eabi-ar" "COMPILER_FLAGS=  -O2 -c" "EXTRA_COMPILER_FLAGS=-mcpu=cortex-a9 -mfpu=vfpv3 -mfloat-abi=hard -nostartfiles -g -Wall -Wextra"
"Running Make include in ps7_cortexa9_0/libsrc/xadcps_v2_2/src"
make -C ps7_cortexa9_0/libsrc/xadcps_v2_2/src -s include  "SHELL=CMD" "COMPILER=arm-none-eabi-gcc" "ARCHIVER=arm-none-eabi-ar" "COMPILER_FLAGS=  -O2 -c" "EXTRA_COMPILER_FLAGS=-mcpu=cortex-a9 -mfpu=vfpv3 -mfloat-abi=hard -nostartfiles -g -Wall -Wextra"
"Running Make libs in ps7_cortexa9_0/libsrc/coresightps_dcc_v1_4/src"
make -C ps7_cortexa9_0/libsrc/coresightps_dcc_v1_4/src -s libs  "SHELL=CMD" "COMPILER=arm-none-eabi-gcc" "ARCHIVER=arm-none-eabi-ar" "COMPILER_FLAGS=  -O2 -c" "EXTRA_COMPILER_FLAGS=-mcpu=cortex-a9 -mfpu=vfpv3 -mfloat-abi=hard -nostartfiles -g -Wall -Wextra"
"Compiling coresightps_dcc"
arm-none-eabi-ar: creating ../../../lib/libxil.a
"Running Make libs in ps7_cortexa9_0/libsrc/cpu_cortexa9_v2_6/src"
make -C ps7_cortexa9_0/libsrc/cpu_cortexa9_v2_6/src -s libs  "SHELL=CMD" "COMPILER=arm-none-eabi-gcc" "ARCHIVER=arm-none-eabi-ar" "COMPILER_FLAGS=  -O2 -c" "EXTRA_COMPILER_FLAGS=-mcpu=cortex-a9 -mfpu=vfpv3 -mfloat-abi=hard -nostartfiles -g -Wall -Wextra"
"Compiling cpu_cortexa9"
"Running Make libs in ps7_cortexa9_0/libsrc/ddrps_v1_0/src"
make -C ps7_cortexa9_0/libsrc/ddrps_v1_0/src -s libs  "SHELL=CMD" "COMPILER=arm-none-eabi-gcc" "ARCHIVER=arm-none-eabi-ar" "COMPILER_FLAGS=  -O2 -c" "EXTRA_COMPILER_FLAGS=-mcpu=cortex-a9 -mfpu=vfpv3 -mfloat-abi=hard -nostartfiles -g -Wall -Wextra"
"Compiling ddrps"
"Running Make libs in ps7_cortexa9_0/libsrc/devcfg_v3_5/src"
make -C ps7_cortexa9_0/libsrc/devcfg_v3_5/src -s libs  "SHELL=CMD" "COMPILER=arm-none-eabi-gcc" "ARCHIVER=arm-none-eabi-ar" "COMPILER_FLAGS=  -O2 -c" "EXTRA_COMPILER_FLAGS=-mcpu=cortex-a9 -mfpu=vfpv3 -mfloat-abi=hard -nostartfiles -g -Wall -Wextra"
"Compiling devcfg"
"Running Make libs in ps7_cortexa9_0/libsrc/dmaps_v2_3/src"
make -C ps7_cortexa9_0/libsrc/dmaps_v2_3/src -s libs  "SHELL=CMD" "COMPILER=arm-none-eabi-gcc" "ARCHIVER=arm-none-eabi-ar" "COMPILER_FLAGS=  -O2 -c" "EXTRA_COMPILER_FLAGS=-mcpu=cortex-a9 -mfpu=vfpv3 -mfloat-abi=hard -nostartfiles -g -Wall -Wextra"
"Compiling dmaps"
"Running Make libs in ps7_cortexa9_0/libsrc/emacps_v3_7/src"
make -C ps7_cortexa9_0/libsrc/emacps_v3_7/src -s libs  "SHELL=CMD" "COMPILER=arm-none-eabi-gcc" "ARCHIVER=arm-none-eabi-ar" "COMPILER_FLAGS=  -O2 -c" "EXTRA_COMPILER_FLAGS=-mcpu=cortex-a9 -mfpu=vfpv3 -mfloat-abi=hard -nostartfiles -g -Wall -Wextra"
"Compiling emacps"
"Running Make libs in ps7_cortexa9_0/libsrc/gpiops_v3_3/src"
make -C ps7_cortexa9_0/libsrc/gpiops_v3_3/src -s libs  "SHELL=CMD" "COMPILER=arm-none-eabi-gcc" "ARCHIVER=arm-none-eabi-ar" "COMPILER_FLAGS=  -O2 -c" "EXTRA_COMPILER_FLAGS=-mcpu=cortex-a9 -mfpu=vfpv3 -mfloat-abi=hard -nostartfiles -g -Wall -Wextra"
"Compiling gpiops"
"Running Make libs in ps7_cortexa9_0/libsrc/iic_v3_4/src"
make -C ps7_cortexa9_0/libsrc/iic_v3_4/src -s libs  "SHELL=CMD" "COMPILER=arm-none-eabi-gcc" "ARCHIVER=arm-none-eabi-ar" "COMPILER_FLAGS=  -O2 -c" "EXTRA_COMPILER_FLAGS=-mcpu=cortex-a9 -mfpu=vfpv3 -mfloat-abi=hard -nostartfiles -g -Wall -Wextra"
"Compiling iic"
"Running Make libs in ps7_cortexa9_0/libsrc/iicps_v3_7/src"
make -C ps7_cortexa9_0/libsrc/iicps_v3_7/src -s libs  "SHELL=CMD" "COMPILER=arm-none-eabi-gcc" "ARCHIVER=arm-none-eabi-ar" "COMPILER_FLAGS=  -O2 -c" "EXTRA_COMPILER_FLAGS=-mcpu=cortex-a9 -mfpu=vfpv3 -mfloat-abi=hard -nostartfiles -g -Wall -Wextra"
"Compiling iicps"
"Running Make libs in ps7_cortexa9_0/libsrc/PmodJSTK2_v1_0/src"
make -C ps7_cortexa9_0/libsrc/PmodJSTK2_v1_0/src -s libs  "SHELL=CMD" "COMPILER=arm-none-eabi-gcc" "ARCHIVER=arm-none-eabi-ar" "COMPILER_FLAGS=  -O2 -c" "EXTRA_COMPILER_FLAGS=-mcpu=cortex-a9 -mfpu=vfpv3 -mfloat-abi=hard -nostartfiles -g -Wall -Wextra"
"Compiling PmodXXXX..."
"Running Make libs in ps7_cortexa9_0/libsrc/scugic_v3_9/src"
make -C ps7_cortexa9_0/libsrc/scugic_v3_9/src -s libs  "SHELL=CMD" "COMPILER=arm-none-eabi-gcc" "ARCHIVER=arm-none-eabi-ar" "COMPILER_FLAGS=  -O2 -c" "EXTRA_COMPILER_FLAGS=-mcpu=cortex-a9 -mfpu=vfpv3 -mfloat-abi=hard -nostartfiles -g -Wall -Wextra"
"Compiling scugic"
"Running Make libs in ps7_cortexa9_0/libsrc/scutimer_v2_1/src"
make -C ps7_cortexa9_0/libsrc/scutimer_v2_1/src -s libs  "SHELL=CMD" "COMPILER=arm-none-eabi-gcc" "ARCHIVER=arm-none-eabi-ar" "COMPILER_FLAGS=  -O2 -c" "EXTRA_COMPILER_FLAGS=-mcpu=cortex-a9 -mfpu=vfpv3 -mfloat-abi=hard -nostartfiles -g -Wall -Wextra"
"Compiling scutimer"
"Running Make libs in ps7_cortexa9_0/libsrc/scuwdt_v2_1/src"
make -C ps7_cortexa9_0/libsrc/scuwdt_v2_1/src -s libs  "SHELL=CMD" "COMPILER=arm-none-eabi-gcc" "ARCHIVER=arm-none-eabi-ar" "COMPILER_FLAGS=  -O2 -c" "EXTRA_COMPILER_FLAGS=-mcpu=cortex-a9 -mfpu=vfpv3 -mfloat-abi=hard -nostartfiles -g -Wall -Wextra"
"Compiling scuwdt"
"Running Make libs in ps7_cortexa9_0/libsrc/sdps_v3_5/src"
make -C ps7_cortexa9_0/libsrc/sdps_v3_5/src -s libs  "SHELL=CMD" "COMPILER=arm-none-eabi-gcc" "ARCHIVER=arm-none-eabi-ar" "COMPILER_FLAGS=  -O2 -c" "EXTRA_COMPILER_FLAGS=-mcpu=cortex-a9 -mfpu=vfpv3 -mfloat-abi=hard -nostartfiles -g -Wall -Wextra"
"Compiling sdps"
"Running Make libs in ps7_cortexa9_0/libsrc/standalone_v6_7/src"
make -C ps7_cortexa9_0/libsrc/standalone_v6_7/src -s libs  "SHELL=CMD" "COMPILER=arm-none-eabi-gcc" "ARCHIVER=arm-none-eabi-ar" "COMPILER_FLAGS=  -O2 -c" "EXTRA_COMPILER_FLAGS=-mcpu=cortex-a9 -mfpu=vfpv3 -mfloat-abi=hard -nostartfiles -g -Wall -Wextra"
"Compiling standalone"
In file included from sleep.c:57:0:
xtime_l.h:89:9: note: #pragma message: For the sleep routines, Global timer is being used
 #pragma message ("For the sleep routines, Global timer is being used")
         ^~~~~~~
In file included from usleep.c:60:0:
xtime_l.h:89:9: note: #pragma message: For the sleep routines, Global timer is being used
 #pragma message ("For the sleep routines, Global timer is being used")
         ^~~~~~~
In file included from xil_sleeptimer.c:55:0:
xtime_l.h:89:9: note: #pragma message: For the sleep routines, Global timer is being used
 #pragma message ("For the sleep routines, Global timer is being used")
         ^~~~~~~
In file included from xtime_l.c:53:0:
xtime_l.h:89:9: note: #pragma message: For the sleep routines, Global timer is being used
 #pragma message ("For the sleep routines, Global timer is being used")
         ^~~~~~~
"Running Make libs in ps7_cortexa9_0/libsrc/uartps_v3_6/src"
make -C ps7_cortexa9_0/libsrc/uartps_v3_6/src -s libs  "SHELL=CMD" "COMPILER=arm-none-eabi-gcc" "ARCHIVER=arm-none-eabi-ar" "COMPILER_FLAGS=  -O2 -c" "EXTRA_COMPILER_FLAGS=-mcpu=cortex-a9 -mfpu=vfpv3 -mfloat-abi=hard -nostartfiles -g -Wall -Wextra"
"Compiling uartps"
"Running Make libs in ps7_cortexa9_0/libsrc/usbps_v2_4/src"
make -C ps7_cortexa9_0/libsrc/usbps_v2_4/src -s libs  "SHELL=CMD" "COMPILER=arm-none-eabi-gcc" "ARCHIVER=arm-none-eabi-ar" "COMPILER_FLAGS=  -O2 -c" "EXTRA_COMPILER_FLAGS=-mcpu=cortex-a9 -mfpu=vfpv3 -mfloat-abi=hard -nostartfiles -g -Wall -Wextra"
"Compiling usbps"
"Running Make libs in ps7_cortexa9_0/libsrc/xadcps_v2_2/src"
make -C ps7_cortexa9_0/libsrc/xadcps_v2_2/src -s libs  "SHELL=CMD" "COMPILER=arm-none-eabi-gcc" "ARCHIVER=arm-none-eabi-ar" "COMPILER_FLAGS=  -O2 -c" "EXTRA_COMPILER_FLAGS=-mcpu=cortex-a9 -mfpu=vfpv3 -mfloat-abi=hard -nostartfiles -g -Wall -Wextra"
"Compiling xadcps"
'Finished building libraries'
11:57:15 **** Auto Build of configuration Debug for project app ****
make pre-build main-build 
a9-linaro-pre-build-step
 
Building file: ../src/helloworld.c
Invoking: ARM v7 gcc compiler
arm-none-eabi-gcc -Wall -O0 -g3 -c -fmessage-length=0 -MT"src/helloworld.o" -mcpu=cortex-a9 -mfpu=vfpv3 -mfloat-abi=hard -I../../app_bsp/ps7_cortexa9_0/include -MMD -MP -MF"src/helloworld.d" -MT"src/helloworld.o" -o "src/helloworld.o" "../src/helloworld.c"
../src/helloworld.c:53:10: fatal error: PmodMAXSONAR.h : No such file or directory
 #include "PmodMAXSONAR.h "
          ^~~~~~~~~~~~~~~~~
compilation terminated.
make: *** [src/helloworld.o] Error 1
11:57:18 **** Incremental Build of configuration Debug for project app ****
make pre-build main-build 
a9-linaro-pre-build-step
 
Building file: ../src/helloworld.c
Invoking: ARM v7 gcc compiler
arm-none-eabi-gcc -Wall -O0 -g3 -c -fmessage-length=0 -MT"src/helloworld.o" -mcpu=cortex-a9 -mfpu=vfpv3 -mfloat-abi=hard -I../../app_bsp/ps7_cortexa9_0/include -MMD -MP -MF"src/helloworld.d" -MT"src/helloworld.o" -o "src/helloworld.o" "../src/helloworld.c"
../src/helloworld.c:53:10: fatal error: PmodMAXSONAR.h : No such file or directory
 #include "PmodMAXSONAR.h "
          ^~~~~~~~~~~~~~~~~
compilation terminated.
make: *** [src/helloworld.o] Error 1
12:00:24 **** Auto Build of configuration Debug for project app ****
make pre-build main-build 
a9-linaro-pre-build-step
 
Building file: ../src/helloworld.c
Invoking: ARM v7 gcc compiler
arm-none-eabi-gcc -Wall -O0 -g3 -c -fmessage-length=0 -MT"src/helloworld.o" -mcpu=cortex-a9 -mfpu=vfpv3 -mfloat-abi=hard -I../../app_bsp/ps7_cortexa9_0/include -MMD -MP -MF"src/helloworld.d" -MT"src/helloworld.o" -o "src/helloworld.o" "../src/helloworld.c"
../src/helloworld.c: In function 'main':
../src/helloworld.c:110:2: warning: implicit declaration of function 'usleep'; did you mean 'fseek'? [-Wimplicit-function-declaration]
  usleep(500);
  ^~~~~~
  fseek
../src/helloworld.c:88:8: warning: unused variable 'Options' [-Wunused-variable]
     u8 Options;
        ^~~~~~~
../src/helloworld.c:86:7: warning: unused variable 'Status' [-Wunused-variable]
  u32  Status;
       ^~~~~~
../src/helloworld.c:85:6: warning: unused variable 'dist' [-Wunused-variable]
  u32 dist;
      ^~~~
In file included from ../../app_bsp/ps7_cortexa9_0/include/xiic.h:327:0,
                 from ../src/helloworld.c:51:
../src/helloworld.c: In function 'SetUpInterruptSystem':
../../app_bsp/ps7_cortexa9_0/include/xstatus.h:65:41: warning: 'return' with a value, in function returning void
 #define XST_FAILURE                     1L
                                         ^
../src/helloworld.c:188:10: note: in expansion of macro 'XST_FAILURE'
   return XST_FAILURE;
          ^~~~~~~~~~~
../src/helloworld.c:181:6: note: declared here
 void SetUpInterruptSystem()
      ^~~~~~~~~~~~~~~~~~~~
In file included from ../../app_bsp/ps7_cortexa9_0/include/xiic.h:327:0,
                 from ../src/helloworld.c:51:
../../app_bsp/ps7_cortexa9_0/include/xstatus.h:65:41: warning: 'return' with a value, in function returning void
 #define XST_FAILURE                     1L
                                         ^
../src/helloworld.c:193:10: note: in expansion of macro 'XST_FAILURE'
   return XST_FAILURE;
          ^~~~~~~~~~~
../src/helloworld.c:181:6: note: declared here
 void SetUpInterruptSystem()
      ^~~~~~~~~~~~~~~~~~~~
../src/helloworld.c:203:10: warning: 'return' with a value, in function returning void
   return Status;
          ^~~~~~
../src/helloworld.c:181:6: note: declared here
 void SetUpInterruptSystem()
      ^~~~~~~~~~~~~~~~~~~~
Finished building: ../src/helloworld.c
 
Building file: ../src/platform.c
Invoking: ARM v7 gcc compiler
arm-none-eabi-gcc -Wall -O0 -g3 -c -fmessage-length=0 -MT"src/platform.o" -mcpu=cortex-a9 -mfpu=vfpv3 -mfloat-abi=hard -I../../app_bsp/ps7_cortexa9_0/include -MMD -MP -MF"src/platform.d" -MT"src/platform.o" -o "src/platform.o" "../src/platform.c"
Finished building: ../src/platform.c
 
Building target: app.elf
Invoking: ARM v7 gcc linker
arm-none-eabi-gcc -mcpu=cortex-a9 -mfpu=vfpv3 -mfloat-abi=hard -Wl,-build-id=none -specs=Xilinx.spec -Wl,-T -Wl,../src/lscript.ld -L../../app_bsp/ps7_cortexa9_0/lib -o "app.elf"  ./src/helloworld.o ./src/platform.o   -lm -Wl,--start-group,-lxil,-lgcc,-lc,--end-group
./src/helloworld.o: In function `main':
C:\hdl_projects\cora_robot\cora_robot.sdk\app\Debug/../src/helloworld.c:121: undefined reference to `startup'
collect2.exe: error: ld returned 1 exit status
make: *** [app.elf] Error 1
12:00:37 **** Auto Build of configuration Debug for project app ****
make pre-build main-build 
a9-linaro-pre-build-step
 
Building file: ../src/helloworld.c
Invoking: ARM v7 gcc compiler
arm-none-eabi-gcc -Wall -O0 -g3 -c -fmessage-length=0 -MT"src/helloworld.o" -mcpu=cortex-a9 -mfpu=vfpv3 -mfloat-abi=hard -I../../app_bsp/ps7_cortexa9_0/include -MMD -MP -MF"src/helloworld.d" -MT"src/helloworld.o" -o "src/helloworld.o" "../src/helloworld.c"
../src/helloworld.c: In function 'main':
../src/helloworld.c:110:2: warning: implicit declaration of function 'usleep'; did you mean 'fseek'? [-Wimplicit-function-declaration]
  usleep(500);
  ^~~~~~
  fseek
../src/helloworld.c:88:8: warning: unused variable 'Options' [-Wunused-variable]
     u8 Options;
        ^~~~~~~
../src/helloworld.c:86:7: warning: unused variable 'Status' [-Wunused-variable]
  u32  Status;
       ^~~~~~
../src/helloworld.c:85:6: warning: unused variable 'dist' [-Wunused-variable]
  u32 dist;
      ^~~~
In file included from ../../app_bsp/ps7_cortexa9_0/include/xiic.h:327:0,
                 from ../src/helloworld.c:51:
../src/helloworld.c: In function 'SetUpInterruptSystem':
../../app_bsp/ps7_cortexa9_0/include/xstatus.h:65:41: warning: 'return' with a value, in function returning void
 #define XST_FAILURE                     1L
                                         ^
../src/helloworld.c:185:10: note: in expansion of macro 'XST_FAILURE'
   return XST_FAILURE;
          ^~~~~~~~~~~
../src/helloworld.c:178:6: note: declared here
 void SetUpInterruptSystem()
      ^~~~~~~~~~~~~~~~~~~~
In file included from ../../app_bsp/ps7_cortexa9_0/include/xiic.h:327:0,
                 from ../src/helloworld.c:51:
../../app_bsp/ps7_cortexa9_0/include/xstatus.h:65:41: warning: 'return' with a value, in function returning void
 #define XST_FAILURE                     1L
                                         ^
../src/helloworld.c:190:10: note: in expansion of macro 'XST_FAILURE'
   return XST_FAILURE;
          ^~~~~~~~~~~
../src/helloworld.c:178:6: note: declared here
 void SetUpInterruptSystem()
      ^~~~~~~~~~~~~~~~~~~~
../src/helloworld.c:200:10: warning: 'return' with a value, in function returning void
   return Status;
          ^~~~~~
../src/helloworld.c:178:6: note: declared here
 void SetUpInterruptSystem()
      ^~~~~~~~~~~~~~~~~~~~
Finished building: ../src/helloworld.c
 
Building target: app.elf
Invoking: ARM v7 gcc linker
arm-none-eabi-gcc -mcpu=cortex-a9 -mfpu=vfpv3 -mfloat-abi=hard -Wl,-build-id=none -specs=Xilinx.spec -Wl,-T -Wl,../src/lscript.ld -L../../app_bsp/ps7_cortexa9_0/lib -o "app.elf"  ./src/helloworld.o ./src/platform.o   -lm -Wl,--start-group,-lxil,-lgcc,-lc,--end-group
Finished building target: app.elf
 
Invoking: ARM v7 Print Size
arm-none-eabi-size app.elf  |tee "app.elf.size"
   text	   data	    bss	    dec	    hex	filename
  79540	   4204	  23456	 107200	  1a2c0	app.elf
Finished building: app.elf.size
 
12:01:25 **** Incremental Build of configuration Debug for project app ****
make pre-build main-build 
a9-linaro-pre-build-step
 
make: Nothing to be done for `main-build'.
12:02:40 **** Incremental Build of configuration Debug for project app ****
make pre-build main-build 
a9-linaro-pre-build-step
 
make: Nothing to be done for `main-build'.
12:03:42 **** Auto Build of configuration Debug for project app ****
make pre-build main-build 
a9-linaro-pre-build-step
 
Building file: ../src/helloworld.c
Invoking: ARM v7 gcc compiler
arm-none-eabi-gcc -Wall -O0 -g3 -c -fmessage-length=0 -MT"src/helloworld.o" -mcpu=cortex-a9 -mfpu=vfpv3 -mfloat-abi=hard -I../../app_bsp/ps7_cortexa9_0/include -MMD -MP -MF"src/helloworld.d" -MT"src/helloworld.o" -o "src/helloworld.o" "../src/helloworld.c"
../src/helloworld.c: In function 'main':
../src/helloworld.c:110:2: warning: implicit declaration of function 'usleep'; did you mean 'fseek'? [-Wimplicit-function-declaration]
  usleep(500);
  ^~~~~~
  fseek
../src/helloworld.c:88:8: warning: unused variable 'Options' [-Wunused-variable]
     u8 Options;
        ^~~~~~~
../src/helloworld.c:86:7: warning: unused variable 'Status' [-Wunused-variable]
  u32  Status;
       ^~~~~~
../src/helloworld.c:85:6: warning: unused variable 'dist' [-Wunused-variable]
  u32 dist;
      ^~~~
In file included from ../../app_bsp/ps7_cortexa9_0/include/xiic.h:327:0,
                 from ../src/helloworld.c:51:
../src/helloworld.c: In function 'SetUpInterruptSystem':
../../app_bsp/ps7_cortexa9_0/include/xstatus.h:65:41: warning: 'return' with a value, in function returning void
 #define XST_FAILURE                     1L
                                         ^
../src/helloworld.c:185:10: note: in expansion of macro 'XST_FAILURE'
   return XST_FAILURE;
          ^~~~~~~~~~~
../src/helloworld.c:178:6: note: declared here
 void SetUpInterruptSystem()
      ^~~~~~~~~~~~~~~~~~~~
In file included from ../../app_bsp/ps7_cortexa9_0/include/xiic.h:327:0,
                 from ../src/helloworld.c:51:
../../app_bsp/ps7_cortexa9_0/include/xstatus.h:65:41: warning: 'return' with a value, in function returning void
 #define XST_FAILURE                     1L
                                         ^
../src/helloworld.c:190:10: note: in expansion of macro 'XST_FAILURE'
   return XST_FAILURE;
          ^~~~~~~~~~~
../src/helloworld.c:178:6: note: declared here
 void SetUpInterruptSystem()
      ^~~~~~~~~~~~~~~~~~~~
../src/helloworld.c:200:10: warning: 'return' with a value, in function returning void
   return Status;
          ^~~~~~
../src/helloworld.c:178:6: note: declared here
 void SetUpInterruptSystem()
      ^~~~~~~~~~~~~~~~~~~~
Finished building: ../src/helloworld.c
 
Building target: app.elf
Invoking: ARM v7 gcc linker
arm-none-eabi-gcc -mcpu=cortex-a9 -mfpu=vfpv3 -mfloat-abi=hard -Wl,-build-id=none -specs=Xilinx.spec -Wl,-T -Wl,../src/lscript.ld -L../../app_bsp/ps7_cortexa9_0/lib -o "app.elf"  ./src/helloworld.o ./src/platform.o   -lm -Wl,--start-group,-lxil,-lgcc,-lc,--end-group
Finished building target: app.elf
 
Invoking: ARM v7 Print Size
arm-none-eabi-size app.elf  |tee "app.elf.size"
   text	   data	    bss	    dec	    hex	filename
  79540	   4204	  23456	 107200	  1a2c0	app.elf
Finished building: app.elf.size
 
12:03:46 **** Incremental Build of configuration Debug for project app ****
make pre-build main-build 
a9-linaro-pre-build-step
 
make: Nothing to be done for `main-build'.
12:04:52 **** Auto Build of configuration Debug for project app ****
make pre-build main-build 
a9-linaro-pre-build-step
 
Building file: ../src/helloworld.c
Invoking: ARM v7 gcc compiler
arm-none-eabi-gcc -Wall -O0 -g3 -c -fmessage-length=0 -MT"src/helloworld.o" -mcpu=cortex-a9 -mfpu=vfpv3 -mfloat-abi=hard -I../../app_bsp/ps7_cortexa9_0/include -MMD -MP -MF"src/helloworld.d" -MT"src/helloworld.o" -o "src/helloworld.o" "../src/helloworld.c"
../src/helloworld.c: In function 'main':
../src/helloworld.c:110:2: warning: implicit declaration of function 'usleep'; did you mean 'fseek'? [-Wimplicit-function-declaration]
  usleep(500);
  ^~~~~~
  fseek
../src/helloworld.c:88:8: warning: unused variable 'Options' [-Wunused-variable]
     u8 Options;
        ^~~~~~~
../src/helloworld.c:86:7: warning: unused variable 'Status' [-Wunused-variable]
  u32  Status;
       ^~~~~~
../src/helloworld.c:85:6: warning: unused variable 'dist' [-Wunused-variable]
  u32 dist;
      ^~~~
In file included from ../../app_bsp/ps7_cortexa9_0/include/xiic.h:327:0,
                 from ../src/helloworld.c:51:
../src/helloworld.c: In function 'SetUpInterruptSystem':
../../app_bsp/ps7_cortexa9_0/include/xstatus.h:65:41: warning: 'return' with a value, in function returning void
 #define XST_FAILURE                     1L
                                         ^
../src/helloworld.c:185:10: note: in expansion of macro 'XST_FAILURE'
   return XST_FAILURE;
          ^~~~~~~~~~~
../src/helloworld.c:178:6: note: declared here
 void SetUpInterruptSystem()
      ^~~~~~~~~~~~~~~~~~~~
In file included from ../../app_bsp/ps7_cortexa9_0/include/xiic.h:327:0,
                 from ../src/helloworld.c:51:
../../app_bsp/ps7_cortexa9_0/include/xstatus.h:65:41: warning: 'return' with a value, in function returning void
 #define XST_FAILURE                     1L
                                         ^
../src/helloworld.c:190:10: note: in expansion of macro 'XST_FAILURE'
   return XST_FAILURE;
          ^~~~~~~~~~~
../src/helloworld.c:178:6: note: declared here
 void SetUpInterruptSystem()
      ^~~~~~~~~~~~~~~~~~~~
../src/helloworld.c:200:10: warning: 'return' with a value, in function returning void
   return Status;
          ^~~~~~
../src/helloworld.c:178:6: note: declared here
 void SetUpInterruptSystem()
      ^~~~~~~~~~~~~~~~~~~~
Finished building: ../src/helloworld.c
 
Building target: app.elf
Invoking: ARM v7 gcc linker
arm-none-eabi-gcc -mcpu=cortex-a9 -mfpu=vfpv3 -mfloat-abi=hard -Wl,-build-id=none -specs=Xilinx.spec -Wl,-T -Wl,../src/lscript.ld -L../../app_bsp/ps7_cortexa9_0/lib -o "app.elf"  ./src/helloworld.o ./src/platform.o   -lm -Wl,--start-group,-lxil,-lgcc,-lc,--end-group
Finished building target: app.elf
 
Invoking: ARM v7 Print Size
arm-none-eabi-size app.elf  |tee "app.elf.size"
   text	   data	    bss	    dec	    hex	filename
  79540	   4204	  23456	 107200	  1a2c0	app.elf
Finished building: app.elf.size
 
12:06:07 **** Auto Build of configuration Debug for project app ****
make pre-build main-build 
a9-linaro-pre-build-step
 
Building file: ../src/helloworld.c
Invoking: ARM v7 gcc compiler
arm-none-eabi-gcc -Wall -O0 -g3 -c -fmessage-length=0 -MT"src/helloworld.o" -mcpu=cortex-a9 -mfpu=vfpv3 -mfloat-abi=hard -I../../app_bsp/ps7_cortexa9_0/include -MMD -MP -MF"src/helloworld.d" -MT"src/helloworld.o" -o "src/helloworld.o" "../src/helloworld.c"
../src/helloworld.c: In function 'main':
../src/helloworld.c:111:2: warning: implicit declaration of function 'usleep'; did you mean 'fseek'? [-Wimplicit-function-declaration]
  usleep(500);
  ^~~~~~
  fseek
../src/helloworld.c:89:8: warning: unused variable 'Options' [-Wunused-variable]
     u8 Options;
        ^~~~~~~
../src/helloworld.c:87:7: warning: unused variable 'Status' [-Wunused-variable]
  u32  Status;
       ^~~~~~
../src/helloworld.c:86:6: warning: unused variable 'dist' [-Wunused-variable]
  u32 dist;
      ^~~~
In file included from ../../app_bsp/ps7_cortexa9_0/include/xiic.h:327:0,
                 from ../src/helloworld.c:51:
../src/helloworld.c: In function 'SetUpInterruptSystem':
../../app_bsp/ps7_cortexa9_0/include/xstatus.h:65:41: warning: 'return' with a value, in function returning void
 #define XST_FAILURE                     1L
                                         ^
../src/helloworld.c:186:10: note: in expansion of macro 'XST_FAILURE'
   return XST_FAILURE;
          ^~~~~~~~~~~
../src/helloworld.c:179:6: note: declared here
 void SetUpInterruptSystem()
      ^~~~~~~~~~~~~~~~~~~~
In file included from ../../app_bsp/ps7_cortexa9_0/include/xiic.h:327:0,
                 from ../src/helloworld.c:51:
../../app_bsp/ps7_cortexa9_0/include/xstatus.h:65:41: warning: 'return' with a value, in function returning void
 #define XST_FAILURE                     1L
                                         ^
../src/helloworld.c:191:10: note: in expansion of macro 'XST_FAILURE'
   return XST_FAILURE;
          ^~~~~~~~~~~
../src/helloworld.c:179:6: note: declared here
 void SetUpInterruptSystem()
      ^~~~~~~~~~~~~~~~~~~~
../src/helloworld.c:201:10: warning: 'return' with a value, in function returning void
   return Status;
          ^~~~~~
../src/helloworld.c:179:6: note: declared here
 void SetUpInterruptSystem()
      ^~~~~~~~~~~~~~~~~~~~
Finished building: ../src/helloworld.c
 
Building target: app.elf
Invoking: ARM v7 gcc linker
arm-none-eabi-gcc -mcpu=cortex-a9 -mfpu=vfpv3 -mfloat-abi=hard -Wl,-build-id=none -specs=Xilinx.spec -Wl,-T -Wl,../src/lscript.ld -L../../app_bsp/ps7_cortexa9_0/lib -o "app.elf"  ./src/helloworld.o ./src/platform.o   -lm -Wl,--start-group,-lxil,-lgcc,-lc,--end-group
Finished building target: app.elf
 
Invoking: ARM v7 Print Size
arm-none-eabi-size app.elf  |tee "app.elf.size"
   text	   data	    bss	    dec	    hex	filename
  79540	   4204	  23552	 107296	  1a320	app.elf
Finished building: app.elf.size
 
12:07:22 **** Auto Build of configuration Debug for project app ****
make pre-build main-build 
a9-linaro-pre-build-step
 
Building file: ../src/helloworld.c
Invoking: ARM v7 gcc compiler
arm-none-eabi-gcc -Wall -O0 -g3 -c -fmessage-length=0 -MT"src/helloworld.o" -mcpu=cortex-a9 -mfpu=vfpv3 -mfloat-abi=hard -I../../app_bsp/ps7_cortexa9_0/include -MMD -MP -MF"src/helloworld.d" -MT"src/helloworld.o" -o "src/helloworld.o" "../src/helloworld.c"
../src/helloworld.c: In function 'main':
../src/helloworld.c:111:2: warning: implicit declaration of function 'usleep'; did you mean 'fseek'? [-Wimplicit-function-declaration]
  usleep(500);
  ^~~~~~
  fseek
../src/helloworld.c:89:8: warning: unused variable 'Options' [-Wunused-variable]
     u8 Options;
        ^~~~~~~
../src/helloworld.c:87:7: warning: unused variable 'Status' [-Wunused-variable]
  u32  Status;
       ^~~~~~
../src/helloworld.c:86:6: warning: unused variable 'dist' [-Wunused-variable]
  u32 dist;
      ^~~~
../src/helloworld.c: In function 'DemoInitialize':
../src/helloworld.c:135:4: warning: implicit declaration of function 'EnableCaches' [-Wimplicit-function-declaration]
    EnableCaches();
    ^~~~~~~~~~~~
In file included from ../../app_bsp/ps7_cortexa9_0/include/xiic.h:327:0,
                 from ../src/helloworld.c:51:
../src/helloworld.c: In function 'SetUpInterruptSystem':
../../app_bsp/ps7_cortexa9_0/include/xstatus.h:65:41: warning: 'return' with a value, in function returning void
 #define XST_FAILURE                     1L
                                         ^
../src/helloworld.c:198:10: note: in expansion of macro 'XST_FAILURE'
   return XST_FAILURE;
          ^~~~~~~~~~~
../src/helloworld.c:191:6: note: declared here
 void SetUpInterruptSystem()
      ^~~~~~~~~~~~~~~~~~~~
In file included from ../../app_bsp/ps7_cortexa9_0/include/xiic.h:327:0,
                 from ../src/helloworld.c:51:
../../app_bsp/ps7_cortexa9_0/include/xstatus.h:65:41: warning: 'return' with a value, in function returning void
 #define XST_FAILURE                     1L
                                         ^
../src/helloworld.c:203:10: note: in expansion of macro 'XST_FAILURE'
   return XST_FAILURE;
          ^~~~~~~~~~~
../src/helloworld.c:191:6: note: declared here
 void SetUpInterruptSystem()
      ^~~~~~~~~~~~~~~~~~~~
../src/helloworld.c:213:10: warning: 'return' with a value, in function returning void
   return Status;
          ^~~~~~
../src/helloworld.c:191:6: note: declared here
 void SetUpInterruptSystem()
      ^~~~~~~~~~~~~~~~~~~~
Finished building: ../src/helloworld.c
 
Building target: app.elf
Invoking: ARM v7 gcc linker
arm-none-eabi-gcc -mcpu=cortex-a9 -mfpu=vfpv3 -mfloat-abi=hard -Wl,-build-id=none -specs=Xilinx.spec -Wl,-T -Wl,../src/lscript.ld -L../../app_bsp/ps7_cortexa9_0/lib -o "app.elf"  ./src/helloworld.o ./src/platform.o   -lm -Wl,--start-group,-lxil,-lgcc,-lc,--end-group
./src/helloworld.o: In function `DemoInitialize':
C:\hdl_projects\cora_robot\cora_robot.sdk\app\Debug/../src/helloworld.c:135: undefined reference to `EnableCaches'
collect2.exe: error: ld returned 1 exit status
make: *** [app.elf] Error 1
12:08:39 **** Auto Build of configuration Debug for project app ****
make pre-build main-build 
a9-linaro-pre-build-step
 
Building file: ../src/helloworld.c
Invoking: ARM v7 gcc compiler
arm-none-eabi-gcc -Wall -O0 -g3 -c -fmessage-length=0 -MT"src/helloworld.o" -mcpu=cortex-a9 -mfpu=vfpv3 -mfloat-abi=hard -I../../app_bsp/ps7_cortexa9_0/include -MMD -MP -MF"src/helloworld.d" -MT"src/helloworld.o" -o "src/helloworld.o" "../src/helloworld.c"
../src/helloworld.c: In function 'main':
../src/helloworld.c:112:2: warning: implicit declaration of function 'usleep'; did you mean 'fseek'? [-Wimplicit-function-declaration]
  usleep(500);
  ^~~~~~
  fseek
../src/helloworld.c:94:22: warning: unused variable 'rawdata' [-Wunused-variable]
     JSTK2_DataPacket rawdata;
                      ^~~~~~~
../src/helloworld.c:93:20: warning: unused variable 'position' [-Wunused-variable]
     JSTK2_Position position;
                    ^~~~~~~~
../src/helloworld.c:89:8: warning: unused variable 'Options' [-Wunused-variable]
     u8 Options;
        ^~~~~~~
../src/helloworld.c:87:7: warning: unused variable 'Status' [-Wunused-variable]
  u32  Status;
       ^~~~~~
../src/helloworld.c:86:6: warning: unused variable 'dist' [-Wunused-variable]
  u32 dist;
      ^~~~
In file included from ../../app_bsp/ps7_cortexa9_0/include/xiic.h:327:0,
                 from ../src/helloworld.c:51:
../src/helloworld.c: In function 'SetUpInterruptSystem':
../../app_bsp/ps7_cortexa9_0/include/xstatus.h:65:41: warning: 'return' with a value, in function returning void
 #define XST_FAILURE                     1L
                                         ^
../src/helloworld.c:198:10: note: in expansion of macro 'XST_FAILURE'
   return XST_FAILURE;
          ^~~~~~~~~~~
../src/helloworld.c:191:6: note: declared here
 void SetUpInterruptSystem()
      ^~~~~~~~~~~~~~~~~~~~
In file included from ../../app_bsp/ps7_cortexa9_0/include/xiic.h:327:0,
                 from ../src/helloworld.c:51:
../../app_bsp/ps7_cortexa9_0/include/xstatus.h:65:41: warning: 'return' with a value, in function returning void
 #define XST_FAILURE                     1L
                                         ^
../src/helloworld.c:203:10: note: in expansion of macro 'XST_FAILURE'
   return XST_FAILURE;
          ^~~~~~~~~~~
../src/helloworld.c:191:6: note: declared here
 void SetUpInterruptSystem()
      ^~~~~~~~~~~~~~~~~~~~
../src/helloworld.c:213:10: warning: 'return' with a value, in function returning void
   return Status;
          ^~~~~~
../src/helloworld.c:191:6: note: declared here
 void SetUpInterruptSystem()
      ^~~~~~~~~~~~~~~~~~~~
Finished building: ../src/helloworld.c
 
Building target: app.elf
Invoking: ARM v7 gcc linker
arm-none-eabi-gcc -mcpu=cortex-a9 -mfpu=vfpv3 -mfloat-abi=hard -Wl,-build-id=none -specs=Xilinx.spec -Wl,-T -Wl,../src/lscript.ld -L../../app_bsp/ps7_cortexa9_0/lib -o "app.elf"  ./src/helloworld.o ./src/platform.o   -lm -Wl,--start-group,-lxil,-lgcc,-lc,--end-group
Finished building target: app.elf
 
Invoking: ARM v7 Print Size
arm-none-eabi-size app.elf  |tee "app.elf.size"
   text	   data	    bss	    dec	    hex	filename
  85492	   4228	  23552	 113272	  1ba78	app.elf
Finished building: app.elf.size
 
12:09:36 **** Auto Build of configuration Debug for project app ****
make pre-build main-build 
a9-linaro-pre-build-step
 
Building file: ../src/helloworld.c
Invoking: ARM v7 gcc compiler
arm-none-eabi-gcc -Wall -O0 -g3 -c -fmessage-length=0 -MT"src/helloworld.o" -mcpu=cortex-a9 -mfpu=vfpv3 -mfloat-abi=hard -I../../app_bsp/ps7_cortexa9_0/include -MMD -MP -MF"src/helloworld.d" -MT"src/helloworld.o" -o "src/helloworld.o" "../src/helloworld.c"
../src/helloworld.c: In function 'main':
../src/helloworld.c:112:2: warning: implicit declaration of function 'usleep'; did you mean 'fseek'? [-Wimplicit-function-declaration]
  usleep(500);
  ^~~~~~
  fseek
../src/helloworld.c:89:8: warning: unused variable 'Options' [-Wunused-variable]
     u8 Options;
        ^~~~~~~
../src/helloworld.c:87:7: warning: unused variable 'Status' [-Wunused-variable]
  u32  Status;
       ^~~~~~
../src/helloworld.c:86:6: warning: unused variable 'dist' [-Wunused-variable]
  u32 dist;
      ^~~~
In file included from ../../app_bsp/ps7_cortexa9_0/include/xiic.h:327:0,
                 from ../src/helloworld.c:51:
../src/helloworld.c: In function 'SetUpInterruptSystem':
../../app_bsp/ps7_cortexa9_0/include/xstatus.h:65:41: warning: 'return' with a value, in function returning void
 #define XST_FAILURE                     1L
                                         ^
../src/helloworld.c:216:10: note: in expansion of macro 'XST_FAILURE'
   return XST_FAILURE;
          ^~~~~~~~~~~
../src/helloworld.c:209:6: note: declared here
 void SetUpInterruptSystem()
      ^~~~~~~~~~~~~~~~~~~~
In file included from ../../app_bsp/ps7_cortexa9_0/include/xiic.h:327:0,
                 from ../src/helloworld.c:51:
../../app_bsp/ps7_cortexa9_0/include/xstatus.h:65:41: warning: 'return' with a value, in function returning void
 #define XST_FAILURE                     1L
                                         ^
../src/helloworld.c:221:10: note: in expansion of macro 'XST_FAILURE'
   return XST_FAILURE;
          ^~~~~~~~~~~
../src/helloworld.c:209:6: note: declared here
 void SetUpInterruptSystem()
      ^~~~~~~~~~~~~~~~~~~~
../src/helloworld.c:231:10: warning: 'return' with a value, in function returning void
   return Status;
          ^~~~~~
../src/helloworld.c:209:6: note: declared here
 void SetUpInterruptSystem()
      ^~~~~~~~~~~~~~~~~~~~
Finished building: ../src/helloworld.c
 
Building target: app.elf
Invoking: ARM v7 gcc linker
arm-none-eabi-gcc -mcpu=cortex-a9 -mfpu=vfpv3 -mfloat-abi=hard -Wl,-build-id=none -specs=Xilinx.spec -Wl,-T -Wl,../src/lscript.ld -L../../app_bsp/ps7_cortexa9_0/lib -o "app.elf"  ./src/helloworld.o ./src/platform.o   -lm -Wl,--start-group,-lxil,-lgcc,-lc,--end-group
Finished building target: app.elf
 
Invoking: ARM v7 Print Size
arm-none-eabi-size app.elf  |tee "app.elf.size"
   text	   data	    bss	    dec	    hex	filename
  87444	   4232	  23552	 115228	  1c21c	app.elf
Finished building: app.elf.size
 
12:09:48 **** Auto Build of configuration Debug for project app ****
make pre-build main-build 
a9-linaro-pre-build-step
 
Building file: ../src/helloworld.c
Invoking: ARM v7 gcc compiler
arm-none-eabi-gcc -Wall -O0 -g3 -c -fmessage-length=0 -MT"src/helloworld.o" -mcpu=cortex-a9 -mfpu=vfpv3 -mfloat-abi=hard -I../../app_bsp/ps7_cortexa9_0/include -MMD -MP -MF"src/helloworld.d" -MT"src/helloworld.o" -o "src/helloworld.o" "../src/helloworld.c"
../src/helloworld.c: In function 'main':
../src/helloworld.c:112:2: warning: implicit declaration of function 'usleep'; did you mean 'fseek'? [-Wimplicit-function-declaration]
  usleep(500);
  ^~~~~~
  fseek
../src/helloworld.c:89:8: warning: unused variable 'Options' [-Wunused-variable]
     u8 Options;
        ^~~~~~~
../src/helloworld.c:87:7: warning: unused variable 'Status' [-Wunused-variable]
  u32  Status;
       ^~~~~~
../src/helloworld.c:86:6: warning: unused variable 'dist' [-Wunused-variable]
  u32 dist;
      ^~~~
In file included from ../../app_bsp/ps7_cortexa9_0/include/xiic.h:327:0,
                 from ../src/helloworld.c:51:
../src/helloworld.c: In function 'SetUpInterruptSystem':
../../app_bsp/ps7_cortexa9_0/include/xstatus.h:65:41: warning: 'return' with a value, in function returning void
 #define XST_FAILURE                     1L
                                         ^
../src/helloworld.c:216:10: note: in expansion of macro 'XST_FAILURE'
   return XST_FAILURE;
          ^~~~~~~~~~~
../src/helloworld.c:209:6: note: declared here
 void SetUpInterruptSystem()
      ^~~~~~~~~~~~~~~~~~~~
In file included from ../../app_bsp/ps7_cortexa9_0/include/xiic.h:327:0,
                 from ../src/helloworld.c:51:
../../app_bsp/ps7_cortexa9_0/include/xstatus.h:65:41: warning: 'return' with a value, in function returning void
 #define XST_FAILURE                     1L
                                         ^
../src/helloworld.c:221:10: note: in expansion of macro 'XST_FAILURE'
   return XST_FAILURE;
          ^~~~~~~~~~~
../src/helloworld.c:209:6: note: declared here
 void SetUpInterruptSystem()
      ^~~~~~~~~~~~~~~~~~~~
../src/helloworld.c:231:10: warning: 'return' with a value, in function returning void
   return Status;
          ^~~~~~
../src/helloworld.c:209:6: note: declared here
 void SetUpInterruptSystem()
      ^~~~~~~~~~~~~~~~~~~~
Finished building: ../src/helloworld.c
 
Building target: app.elf
Invoking: ARM v7 gcc linker
arm-none-eabi-gcc -mcpu=cortex-a9 -mfpu=vfpv3 -mfloat-abi=hard -Wl,-build-id=none -specs=Xilinx.spec -Wl,-T -Wl,../src/lscript.ld -L../../app_bsp/ps7_cortexa9_0/lib -o "app.elf"  ./src/helloworld.o ./src/platform.o   -lm -Wl,--start-group,-lxil,-lgcc,-lc,--end-group
Finished building target: app.elf
 
Invoking: ARM v7 Print Size
arm-none-eabi-size app.elf  |tee "app.elf.size"
   text	   data	    bss	    dec	    hex	filename
  87444	   4232	  23552	 115228	  1c21c	app.elf
Finished building: app.elf.size
 
12:09:54 **** Incremental Build of configuration Debug for project app ****
make pre-build main-build 
a9-linaro-pre-build-step
 
make: Nothing to be done for `main-build'.
12:14:38 **** Incremental Build of configuration Debug for project app ****
make pre-build main-build 
a9-linaro-pre-build-step
 
make: Nothing to be done for `main-build'.
12:15:57 **** Incremental Build of configuration Debug for project app ****
make pre-build main-build 
a9-linaro-pre-build-step
 
make: Nothing to be done for `main-build'.
12:18:56 **** Auto Build of configuration Debug for project app ****
make pre-build main-build 
a9-linaro-pre-build-step
 
Building file: ../src/helloworld.c
Invoking: ARM v7 gcc compiler
arm-none-eabi-gcc -Wall -O0 -g3 -c -fmessage-length=0 -MT"src/helloworld.o" -mcpu=cortex-a9 -mfpu=vfpv3 -mfloat-abi=hard -I../../app_bsp/ps7_cortexa9_0/include -MMD -MP -MF"src/helloworld.d" -MT"src/helloworld.o" -o "src/helloworld.o" "../src/helloworld.c"
../src/helloworld.c: In function 'main':
../src/helloworld.c:113:2: warning: implicit declaration of function 'usleep'; did you mean 'fseek'? [-Wimplicit-function-declaration]
  usleep(500);
  ^~~~~~
  fseek
../src/helloworld.c:127:37: error: 'joystick' undeclared (first use in this function); did you mean 'joystick2'?
       position = JSTK2_getPosition(&joystick);
                                     ^~~~~~~~
                                     joystick2
../src/helloworld.c:127:37: note: each undeclared identifier is reported only once for each function it appears in
../src/helloworld.c:90:8: warning: unused variable 'Options' [-Wunused-variable]
     u8 Options;
        ^~~~~~~
../src/helloworld.c:88:7: warning: unused variable 'Status' [-Wunused-variable]
  u32  Status;
       ^~~~~~
../src/helloworld.c:87:6: warning: unused variable 'dist' [-Wunused-variable]
  u32 dist;
      ^~~~
../src/helloworld.c: In function 'DemoInitialize':
../src/helloworld.c:158:8: error: 'joystick' undeclared (first use in this function); did you mean 'joystick2'?
       &joystick,
        ^~~~~~~~
        joystick2
In file included from ../../app_bsp/ps7_cortexa9_0/include/xiic.h:327:0,
                 from ../src/helloworld.c:51:
../src/helloworld.c: In function 'SetUpInterruptSystem':
../../app_bsp/ps7_cortexa9_0/include/xstatus.h:65:41: warning: 'return' with a value, in function returning void
 #define XST_FAILURE                     1L
                                         ^
../src/helloworld.c:217:10: note: in expansion of macro 'XST_FAILURE'
   return XST_FAILURE;
          ^~~~~~~~~~~
../src/helloworld.c:210:6: note: declared here
 void SetUpInterruptSystem()
      ^~~~~~~~~~~~~~~~~~~~
In file included from ../../app_bsp/ps7_cortexa9_0/include/xiic.h:327:0,
                 from ../src/helloworld.c:51:
../../app_bsp/ps7_cortexa9_0/include/xstatus.h:65:41: warning: 'return' with a value, in function returning void
 #define XST_FAILURE                     1L
                                         ^
../src/helloworld.c:222:10: note: in expansion of macro 'XST_FAILURE'
   return XST_FAILURE;
          ^~~~~~~~~~~
../src/helloworld.c:210:6: note: declared here
 void SetUpInterruptSystem()
      ^~~~~~~~~~~~~~~~~~~~
../src/helloworld.c:232:10: warning: 'return' with a value, in function returning void
   return Status;
          ^~~~~~
../src/helloworld.c:210:6: note: declared here
 void SetUpInterruptSystem()
      ^~~~~~~~~~~~~~~~~~~~
make: *** [src/helloworld.o] Error 1
12:19:10 **** Auto Build of configuration Debug for project app ****
make pre-build main-build 
a9-linaro-pre-build-step
 
Building file: ../src/helloworld.c
Invoking: ARM v7 gcc compiler
arm-none-eabi-gcc -Wall -O0 -g3 -c -fmessage-length=0 -MT"src/helloworld.o" -mcpu=cortex-a9 -mfpu=vfpv3 -mfloat-abi=hard -I../../app_bsp/ps7_cortexa9_0/include -MMD -MP -MF"src/helloworld.d" -MT"src/helloworld.o" -o "src/helloworld.o" "../src/helloworld.c"
../src/helloworld.c: In function 'main':
../src/helloworld.c:113:2: warning: implicit declaration of function 'usleep'; did you mean 'fseek'? [-Wimplicit-function-declaration]
  usleep(500);
  ^~~~~~
  fseek
../src/helloworld.c:142:32: error: 'joystick' undeclared (first use in this function); did you mean 'joystick2'?
               JSTK2_setLedRGB(&joystick, 0, 255, 0);
                                ^~~~~~~~
                                joystick2
../src/helloworld.c:142:32: note: each undeclared identifier is reported only once for each function it appears in
../src/helloworld.c:90:8: warning: unused variable 'Options' [-Wunused-variable]
     u8 Options;
        ^~~~~~~
../src/helloworld.c:88:7: warning: unused variable 'Status' [-Wunused-variable]
  u32  Status;
       ^~~~~~
../src/helloworld.c:87:6: warning: unused variable 'dist' [-Wunused-variable]
  u32 dist;
      ^~~~
../src/helloworld.c: In function 'DemoInitialize':
../src/helloworld.c:158:8: error: 'joystick' undeclared (first use in this function); did you mean 'joystick2'?
       &joystick,
        ^~~~~~~~
        joystick2
In file included from ../../app_bsp/ps7_cortexa9_0/include/xiic.h:327:0,
                 from ../src/helloworld.c:51:
../src/helloworld.c: In function 'SetUpInterruptSystem':
../../app_bsp/ps7_cortexa9_0/include/xstatus.h:65:41: warning: 'return' with a value, in function returning void
 #define XST_FAILURE                     1L
                                         ^
../src/helloworld.c:217:10: note: in expansion of macro 'XST_FAILURE'
   return XST_FAILURE;
          ^~~~~~~~~~~
../src/helloworld.c:210:6: note: declared here
 void SetUpInterruptSystem()
      ^~~~~~~~~~~~~~~~~~~~
In file included from ../../app_bsp/ps7_cortexa9_0/include/xiic.h:327:0,
                 from ../src/helloworld.c:51:
../../app_bsp/ps7_cortexa9_0/include/xstatus.h:65:41: warning: 'return' with a value, in function returning void
 #define XST_FAILURE                     1L
                                         ^
../src/helloworld.c:222:10: note: in expansion of macro 'XST_FAILURE'
   return XST_FAILURE;
          ^~~~~~~~~~~
../src/helloworld.c:210:6: note: declared here
 void SetUpInterruptSystem()
      ^~~~~~~~~~~~~~~~~~~~
../src/helloworld.c:232:10: warning: 'return' with a value, in function returning void
   return Status;
          ^~~~~~
../src/helloworld.c:210:6: note: declared here
 void SetUpInterruptSystem()
      ^~~~~~~~~~~~~~~~~~~~
make: *** [src/helloworld.o] Error 1
12:19:21 **** Auto Build of configuration Debug for project app ****
make pre-build main-build 
a9-linaro-pre-build-step
 
Building file: ../src/helloworld.c
Invoking: ARM v7 gcc compiler
arm-none-eabi-gcc -Wall -O0 -g3 -c -fmessage-length=0 -MT"src/helloworld.o" -mcpu=cortex-a9 -mfpu=vfpv3 -mfloat-abi=hard -I../../app_bsp/ps7_cortexa9_0/include -MMD -MP -MF"src/helloworld.d" -MT"src/helloworld.o" -o "src/helloworld.o" "../src/helloworld.c"
../src/helloworld.c: In function 'main':
../src/helloworld.c:113:2: warning: implicit declaration of function 'usleep'; did you mean 'fseek'? [-Wimplicit-function-declaration]
  usleep(500);
  ^~~~~~
  fseek
../src/helloworld.c:90:8: warning: unused variable 'Options' [-Wunused-variable]
     u8 Options;
        ^~~~~~~
../src/helloworld.c:88:7: warning: unused variable 'Status' [-Wunused-variable]
  u32  Status;
       ^~~~~~
../src/helloworld.c:87:6: warning: unused variable 'dist' [-Wunused-variable]
  u32 dist;
      ^~~~
../src/helloworld.c: In function 'DemoInitialize':
../src/helloworld.c:158:8: error: 'joystick' undeclared (first use in this function); did you mean 'joystick2'?
       &joystick,
        ^~~~~~~~
        joystick2
../src/helloworld.c:158:8: note: each undeclared identifier is reported only once for each function it appears in
In file included from ../../app_bsp/ps7_cortexa9_0/include/xiic.h:327:0,
                 from ../src/helloworld.c:51:
../src/helloworld.c: In function 'SetUpInterruptSystem':
../../app_bsp/ps7_cortexa9_0/include/xstatus.h:65:41: warning: 'return' with a value, in function returning void
 #define XST_FAILURE                     1L
                                         ^
../src/helloworld.c:217:10: note: in expansion of macro 'XST_FAILURE'
   return XST_FAILURE;
          ^~~~~~~~~~~
../src/helloworld.c:210:6: note: declared here
 void SetUpInterruptSystem()
      ^~~~~~~~~~~~~~~~~~~~
In file included from ../../app_bsp/ps7_cortexa9_0/include/xiic.h:327:0,
                 from ../src/helloworld.c:51:
../../app_bsp/ps7_cortexa9_0/include/xstatus.h:65:41: warning: 'return' with a value, in function returning void
 #define XST_FAILURE                     1L
                                         ^
../src/helloworld.c:222:10: note: in expansion of macro 'XST_FAILURE'
   return XST_FAILURE;
          ^~~~~~~~~~~
../src/helloworld.c:210:6: note: declared here
 void SetUpInterruptSystem()
      ^~~~~~~~~~~~~~~~~~~~
../src/helloworld.c:232:10: warning: 'return' with a value, in function returning void
   return Status;
          ^~~~~~
../src/helloworld.c:210:6: note: declared here
 void SetUpInterruptSystem()
      ^~~~~~~~~~~~~~~~~~~~
make: *** [src/helloworld.o] Error 1
12:19:38 **** Auto Build of configuration Debug for project app ****
make pre-build main-build 
a9-linaro-pre-build-step
 
Building file: ../src/helloworld.c
Invoking: ARM v7 gcc compiler
arm-none-eabi-gcc -Wall -O0 -g3 -c -fmessage-length=0 -MT"src/helloworld.o" -mcpu=cortex-a9 -mfpu=vfpv3 -mfloat-abi=hard -I../../app_bsp/ps7_cortexa9_0/include -MMD -MP -MF"src/helloworld.d" -MT"src/helloworld.o" -o "src/helloworld.o" "../src/helloworld.c"
../src/helloworld.c: In function 'main':
../src/helloworld.c:113:2: warning: implicit declaration of function 'usleep'; did you mean 'fseek'? [-Wimplicit-function-declaration]
  usleep(500);
  ^~~~~~
  fseek
../src/helloworld.c:90:8: warning: unused variable 'Options' [-Wunused-variable]
     u8 Options;
        ^~~~~~~
../src/helloworld.c:88:7: warning: unused variable 'Status' [-Wunused-variable]
  u32  Status;
       ^~~~~~
../src/helloworld.c:87:6: warning: unused variable 'dist' [-Wunused-variable]
  u32 dist;
      ^~~~
../src/helloworld.c: In function 'DemoInitialize':
../src/helloworld.c:164:24: error: 'joystick' undeclared (first use in this function); did you mean 'joystick2'?
    JSTK2_setInversion(&joystick, 0, 1);
                        ^~~~~~~~
                        joystick2
../src/helloworld.c:164:24: note: each undeclared identifier is reported only once for each function it appears in
In file included from ../../app_bsp/ps7_cortexa9_0/include/xiic.h:327:0,
                 from ../src/helloworld.c:51:
../src/helloworld.c: In function 'SetUpInterruptSystem':
../../app_bsp/ps7_cortexa9_0/include/xstatus.h:65:41: warning: 'return' with a value, in function returning void
 #define XST_FAILURE                     1L
                                         ^
../src/helloworld.c:217:10: note: in expansion of macro 'XST_FAILURE'
   return XST_FAILURE;
          ^~~~~~~~~~~
../src/helloworld.c:210:6: note: declared here
 void SetUpInterruptSystem()
      ^~~~~~~~~~~~~~~~~~~~
In file included from ../../app_bsp/ps7_cortexa9_0/include/xiic.h:327:0,
                 from ../src/helloworld.c:51:
../../app_bsp/ps7_cortexa9_0/include/xstatus.h:65:41: warning: 'return' with a value, in function returning void
 #define XST_FAILURE                     1L
                                         ^
../src/helloworld.c:222:10: note: in expansion of macro 'XST_FAILURE'
   return XST_FAILURE;
          ^~~~~~~~~~~
../src/helloworld.c:210:6: note: declared here
 void SetUpInterruptSystem()
      ^~~~~~~~~~~~~~~~~~~~
../src/helloworld.c:232:10: warning: 'return' with a value, in function returning void
   return Status;
          ^~~~~~
../src/helloworld.c:210:6: note: declared here
 void SetUpInterruptSystem()
      ^~~~~~~~~~~~~~~~~~~~
make: *** [src/helloworld.o] Error 1
12:19:43 **** Auto Build of configuration Debug for project app ****
make pre-build main-build 
a9-linaro-pre-build-step
 
Building file: ../src/helloworld.c
Invoking: ARM v7 gcc compiler
arm-none-eabi-gcc -Wall -O0 -g3 -c -fmessage-length=0 -MT"src/helloworld.o" -mcpu=cortex-a9 -mfpu=vfpv3 -mfloat-abi=hard -I../../app_bsp/ps7_cortexa9_0/include -MMD -MP -MF"src/helloworld.d" -MT"src/helloworld.o" -o "src/helloworld.o" "../src/helloworld.c"
../src/helloworld.c: In function 'main':
../src/helloworld.c:113:2: warning: implicit declaration of function 'usleep'; did you mean 'fseek'? [-Wimplicit-function-declaration]
  usleep(500);
  ^~~~~~
  fseek
../src/helloworld.c:90:8: warning: unused variable 'Options' [-Wunused-variable]
     u8 Options;
        ^~~~~~~
../src/helloworld.c:88:7: warning: unused variable 'Status' [-Wunused-variable]
  u32  Status;
       ^~~~~~
../src/helloworld.c:87:6: warning: unused variable 'dist' [-Wunused-variable]
  u32 dist;
      ^~~~
In file included from ../../app_bsp/ps7_cortexa9_0/include/xiic.h:327:0,
                 from ../src/helloworld.c:51:
../src/helloworld.c: In function 'SetUpInterruptSystem':
../../app_bsp/ps7_cortexa9_0/include/xstatus.h:65:41: warning: 'return' with a value, in function returning void
 #define XST_FAILURE                     1L
                                         ^
../src/helloworld.c:217:10: note: in expansion of macro 'XST_FAILURE'
   return XST_FAILURE;
          ^~~~~~~~~~~
../src/helloworld.c:210:6: note: declared here
 void SetUpInterruptSystem()
      ^~~~~~~~~~~~~~~~~~~~
In file included from ../../app_bsp/ps7_cortexa9_0/include/xiic.h:327:0,
                 from ../src/helloworld.c:51:
../../app_bsp/ps7_cortexa9_0/include/xstatus.h:65:41: warning: 'return' with a value, in function returning void
 #define XST_FAILURE                     1L
                                         ^
../src/helloworld.c:222:10: note: in expansion of macro 'XST_FAILURE'
   return XST_FAILURE;
          ^~~~~~~~~~~
../src/helloworld.c:210:6: note: declared here
 void SetUpInterruptSystem()
      ^~~~~~~~~~~~~~~~~~~~
../src/helloworld.c:232:10: warning: 'return' with a value, in function returning void
   return Status;
          ^~~~~~
../src/helloworld.c:210:6: note: declared here
 void SetUpInterruptSystem()
      ^~~~~~~~~~~~~~~~~~~~
Finished building: ../src/helloworld.c
 
Building target: app.elf
Invoking: ARM v7 gcc linker
arm-none-eabi-gcc -mcpu=cortex-a9 -mfpu=vfpv3 -mfloat-abi=hard -Wl,-build-id=none -specs=Xilinx.spec -Wl,-T -Wl,../src/lscript.ld -L../../app_bsp/ps7_cortexa9_0/lib -o "app.elf"  ./src/helloworld.o ./src/platform.o   -lm -Wl,--start-group,-lxil,-lgcc,-lc,--end-group
Finished building target: app.elf
 
Invoking: ARM v7 Print Size
arm-none-eabi-size app.elf  |tee "app.elf.size"
   text	   data	    bss	    dec	    hex	filename
  87444	   4232	  23648	 115324	  1c27c	app.elf
Finished building: app.elf.size
 
12:42:45 **** Auto Build of configuration Debug for project app ****
make pre-build main-build 
a9-linaro-pre-build-step
 
Building file: ../src/helloworld.c
Invoking: ARM v7 gcc compiler
arm-none-eabi-gcc -Wall -O0 -g3 -c -fmessage-length=0 -MT"src/helloworld.o" -mcpu=cortex-a9 -mfpu=vfpv3 -mfloat-abi=hard -I../../app_bsp/ps7_cortexa9_0/include -MMD -MP -MF"src/helloworld.d" -MT"src/helloworld.o" -o "src/helloworld.o" "../src/helloworld.c"
../src/helloworld.c: In function 'main':
../src/helloworld.c:113:2: warning: implicit declaration of function 'usleep'; did you mean 'fseek'? [-Wimplicit-function-declaration]
  usleep(500);
  ^~~~~~
  fseek
../src/helloworld.c:148:32: error: 'leg' undeclared (first use in this function); did you mean 'log'?
       SendBuffer[0] = 0x06+(4*(leg+joint_offset));
                                ^~~
                                log
../src/helloworld.c:148:32: note: each undeclared identifier is reported only once for each function it appears in
../src/helloworld.c:148:36: error: 'joint_offset' undeclared (first use in this function)
       SendBuffer[0] = 0x06+(4*(leg+joint_offset));
                                    ^~~~~~~~~~~~
../src/helloworld.c:149:20: error: 'cent_l_on' undeclared (first use in this function)
    SendBuffer[1] = cent_l_on;
                    ^~~~~~~~~
../src/helloworld.c:152:20: error: 'cent_h_on' undeclared (first use in this function); did you mean 'cent_l_on'?
    SendBuffer[1] = cent_h_on;
                    ^~~~~~~~~
                    cent_l_on
../src/helloworld.c:155:20: error: 'cent_l_off' undeclared (first use in this function); did you mean 'cent_l_on'?
    SendBuffer[1] = cent_l_off;
                    ^~~~~~~~~~
                    cent_l_on
../src/helloworld.c:158:20: error: 'cent_h_off' undeclared (first use in this function); did you mean 'cent_l_off'?
    SendBuffer[1] = cent_h_off;
                    ^~~~~~~~~~
                    cent_l_off
../src/helloworld.c:90:8: warning: unused variable 'Options' [-Wunused-variable]
     u8 Options;
        ^~~~~~~
../src/helloworld.c:88:7: warning: unused variable 'Status' [-Wunused-variable]
  u32  Status;
       ^~~~~~
../src/helloworld.c:87:6: warning: unused variable 'dist' [-Wunused-variable]
  u32 dist;
      ^~~~
In file included from ../../app_bsp/ps7_cortexa9_0/include/xiic.h:327:0,
                 from ../src/helloworld.c:51:
../src/helloworld.c: In function 'SetUpInterruptSystem':
../../app_bsp/ps7_cortexa9_0/include/xstatus.h:65:41: warning: 'return' with a value, in function returning void
 #define XST_FAILURE                     1L
                                         ^
../src/helloworld.c:230:10: note: in expansion of macro 'XST_FAILURE'
   return XST_FAILURE;
          ^~~~~~~~~~~
../src/helloworld.c:223:6: note: declared here
 void SetUpInterruptSystem()
      ^~~~~~~~~~~~~~~~~~~~
In file included from ../../app_bsp/ps7_cortexa9_0/include/xiic.h:327:0,
                 from ../src/helloworld.c:51:
../../app_bsp/ps7_cortexa9_0/include/xstatus.h:65:41: warning: 'return' with a value, in function returning void
 #define XST_FAILURE                     1L
                                         ^
../src/helloworld.c:235:10: note: in expansion of macro 'XST_FAILURE'
   return XST_FAILURE;
          ^~~~~~~~~~~
../src/helloworld.c:223:6: note: declared here
 void SetUpInterruptSystem()
      ^~~~~~~~~~~~~~~~~~~~
../src/helloworld.c:245:10: warning: 'return' with a value, in function returning void
   return Status;
          ^~~~~~
../src/helloworld.c:223:6: note: declared here
 void SetUpInterruptSystem()
      ^~~~~~~~~~~~~~~~~~~~
make: *** [src/helloworld.o] Error 1
12:43:56 **** Auto Build of configuration Debug for project app ****
make pre-build main-build 
a9-linaro-pre-build-step
 
Building file: ../src/helloworld.c
Invoking: ARM v7 gcc compiler
arm-none-eabi-gcc -Wall -O0 -g3 -c -fmessage-length=0 -MT"src/helloworld.o" -mcpu=cortex-a9 -mfpu=vfpv3 -mfloat-abi=hard -I../../app_bsp/ps7_cortexa9_0/include -MMD -MP -MF"src/helloworld.d" -MT"src/helloworld.o" -o "src/helloworld.o" "../src/helloworld.c"
../src/helloworld.c: In function 'main':
../src/helloworld.c:113:2: warning: implicit declaration of function 'usleep'; did you mean 'fseek'? [-Wimplicit-function-declaration]
  usleep(500);
  ^~~~~~
  fseek
../src/helloworld.c:149:20: error: 'cent_l_on' undeclared (first use in this function)
    SendBuffer[1] = cent_l_on;
                    ^~~~~~~~~
../src/helloworld.c:149:20: note: each undeclared identifier is reported only once for each function it appears in
../src/helloworld.c:152:20: error: 'cent_h_on' undeclared (first use in this function); did you mean 'cent_l_on'?
    SendBuffer[1] = cent_h_on;
                    ^~~~~~~~~
                    cent_l_on
../src/helloworld.c:155:20: error: 'cent_l_off' undeclared (first use in this function); did you mean 'cent_l_on'?
    SendBuffer[1] = cent_l_off;
                    ^~~~~~~~~~
                    cent_l_on
../src/helloworld.c:158:20: error: 'cent_h_off' undeclared (first use in this function); did you mean 'cent_l_off'?
    SendBuffer[1] = cent_h_off;
                    ^~~~~~~~~~
                    cent_l_off
../src/helloworld.c:90:8: warning: unused variable 'Options' [-Wunused-variable]
     u8 Options;
        ^~~~~~~
../src/helloworld.c:88:7: warning: unused variable 'Status' [-Wunused-variable]
  u32  Status;
       ^~~~~~
../src/helloworld.c:87:6: warning: unused variable 'dist' [-Wunused-variable]
  u32 dist;
      ^~~~
In file included from ../../app_bsp/ps7_cortexa9_0/include/xiic.h:327:0,
                 from ../src/helloworld.c:51:
../src/helloworld.c: In function 'SetUpInterruptSystem':
../../app_bsp/ps7_cortexa9_0/include/xstatus.h:65:41: warning: 'return' with a value, in function returning void
 #define XST_FAILURE                     1L
                                         ^
../src/helloworld.c:230:10: note: in expansion of macro 'XST_FAILURE'
   return XST_FAILURE;
          ^~~~~~~~~~~
../src/helloworld.c:223:6: note: declared here
 void SetUpInterruptSystem()
      ^~~~~~~~~~~~~~~~~~~~
In file included from ../../app_bsp/ps7_cortexa9_0/include/xiic.h:327:0,
                 from ../src/helloworld.c:51:
../../app_bsp/ps7_cortexa9_0/include/xstatus.h:65:41: warning: 'return' with a value, in function returning void
 #define XST_FAILURE                     1L
                                         ^
../src/helloworld.c:235:10: note: in expansion of macro 'XST_FAILURE'
   return XST_FAILURE;
          ^~~~~~~~~~~
../src/helloworld.c:223:6: note: declared here
 void SetUpInterruptSystem()
      ^~~~~~~~~~~~~~~~~~~~
../src/helloworld.c:245:10: warning: 'return' with a value, in function returning void
   return Status;
          ^~~~~~
../src/helloworld.c:223:6: note: declared here
 void SetUpInterruptSystem()
      ^~~~~~~~~~~~~~~~~~~~
make: *** [src/helloworld.o] Error 1
13:03:47 **** Auto Build of configuration Debug for project app ****
make pre-build main-build 
a9-linaro-pre-build-step
 
Building file: ../src/helloworld.c
Invoking: ARM v7 gcc compiler
arm-none-eabi-gcc -Wall -O0 -g3 -c -fmessage-length=0 -MT"src/helloworld.o" -mcpu=cortex-a9 -mfpu=vfpv3 -mfloat-abi=hard -I../../app_bsp/ps7_cortexa9_0/include -MMD -MP -MF"src/helloworld.d" -MT"src/helloworld.o" -o "src/helloworld.o" "../src/helloworld.c"
../src/helloworld.c: In function 'main':
../src/helloworld.c:113:2: warning: implicit declaration of function 'usleep'; did you mean 'fseek'? [-Wimplicit-function-declaration]
  usleep(500);
  ^~~~~~
  fseek
../src/helloworld.c:155:20: error: 'cent_l_off' undeclared (first use in this function)
    SendBuffer[1] = cent_l_off;
                    ^~~~~~~~~~
../src/helloworld.c:155:20: note: each undeclared identifier is reported only once for each function it appears in
../src/helloworld.c:158:20: error: 'cent_h_off' undeclared (first use in this function); did you mean 'cent_l_off'?
    SendBuffer[1] = cent_h_off;
                    ^~~~~~~~~~
                    cent_l_off
../src/helloworld.c:90:8: warning: unused variable 'Options' [-Wunused-variable]
     u8 Options;
        ^~~~~~~
../src/helloworld.c:88:7: warning: unused variable 'Status' [-Wunused-variable]
  u32  Status;
       ^~~~~~
../src/helloworld.c:87:6: warning: unused variable 'dist' [-Wunused-variable]
  u32 dist;
      ^~~~
In file included from ../../app_bsp/ps7_cortexa9_0/include/xiic.h:327:0,
                 from ../src/helloworld.c:51:
../src/helloworld.c: In function 'SetUpInterruptSystem':
../../app_bsp/ps7_cortexa9_0/include/xstatus.h:65:41: warning: 'return' with a value, in function returning void
 #define XST_FAILURE                     1L
                                         ^
../src/helloworld.c:230:10: note: in expansion of macro 'XST_FAILURE'
   return XST_FAILURE;
          ^~~~~~~~~~~
../src/helloworld.c:223:6: note: declared here
 void SetUpInterruptSystem()
      ^~~~~~~~~~~~~~~~~~~~
In file included from ../../app_bsp/ps7_cortexa9_0/include/xiic.h:327:0,
                 from ../src/helloworld.c:51:
../../app_bsp/ps7_cortexa9_0/include/xstatus.h:65:41: warning: 'return' with a value, in function returning void
 #define XST_FAILURE                     1L
                                         ^
../src/helloworld.c:235:10: note: in expansion of macro 'XST_FAILURE'
   return XST_FAILURE;
          ^~~~~~~~~~~
../src/helloworld.c:223:6: note: declared here
 void SetUpInterruptSystem()
      ^~~~~~~~~~~~~~~~~~~~
../src/helloworld.c:245:10: warning: 'return' with a value, in function returning void
   return Status;
          ^~~~~~
../src/helloworld.c:223:6: note: declared here
 void SetUpInterruptSystem()
      ^~~~~~~~~~~~~~~~~~~~
make: *** [src/helloworld.o] Error 1
13:08:07 **** Auto Build of configuration Debug for project app ****
make pre-build main-build 
a9-linaro-pre-build-step
 
Building file: ../src/helloworld.c
Invoking: ARM v7 gcc compiler
arm-none-eabi-gcc -Wall -O0 -g3 -c -fmessage-length=0 -MT"src/helloworld.o" -mcpu=cortex-a9 -mfpu=vfpv3 -mfloat-abi=hard -I../../app_bsp/ps7_cortexa9_0/include -MMD -MP -MF"src/helloworld.d" -MT"src/helloworld.o" -o "src/helloworld.o" "../src/helloworld.c"
../src/helloworld.c: In function 'main':
../src/helloworld.c:113:2: warning: implicit declaration of function 'usleep'; did you mean 'fseek'? [-Wimplicit-function-declaration]
  usleep(500);
  ^~~~~~
  fseek
../src/helloworld.c:164:20: error: 'cent_h_off' undeclared (first use in this function)
    SendBuffer[1] = cent_h_off;
                    ^~~~~~~~~~
../src/helloworld.c:164:20: note: each undeclared identifier is reported only once for each function it appears in
../src/helloworld.c:90:8: warning: unused variable 'Options' [-Wunused-variable]
     u8 Options;
        ^~~~~~~
../src/helloworld.c:88:7: warning: unused variable 'Status' [-Wunused-variable]
  u32  Status;
       ^~~~~~
../src/helloworld.c:87:6: warning: unused variable 'dist' [-Wunused-variable]
  u32 dist;
      ^~~~
In file included from ../../app_bsp/ps7_cortexa9_0/include/xiic.h:327:0,
                 from ../src/helloworld.c:51:
../src/helloworld.c: In function 'SetUpInterruptSystem':
../../app_bsp/ps7_cortexa9_0/include/xstatus.h:65:41: warning: 'return' with a value, in function returning void
 #define XST_FAILURE                     1L
                                         ^
../src/helloworld.c:236:10: note: in expansion of macro 'XST_FAILURE'
   return XST_FAILURE;
          ^~~~~~~~~~~
../src/helloworld.c:229:6: note: declared here
 void SetUpInterruptSystem()
      ^~~~~~~~~~~~~~~~~~~~
In file included from ../../app_bsp/ps7_cortexa9_0/include/xiic.h:327:0,
                 from ../src/helloworld.c:51:
../../app_bsp/ps7_cortexa9_0/include/xstatus.h:65:41: warning: 'return' with a value, in function returning void
 #define XST_FAILURE                     1L
                                         ^
../src/helloworld.c:241:10: note: in expansion of macro 'XST_FAILURE'
   return XST_FAILURE;
          ^~~~~~~~~~~
../src/helloworld.c:229:6: note: declared here
 void SetUpInterruptSystem()
      ^~~~~~~~~~~~~~~~~~~~
../src/helloworld.c:251:10: warning: 'return' with a value, in function returning void
   return Status;
          ^~~~~~
../src/helloworld.c:229:6: note: declared here
 void SetUpInterruptSystem()
      ^~~~~~~~~~~~~~~~~~~~
make: *** [src/helloworld.o] Error 1
13:09:59 **** Auto Build of configuration Debug for project app ****
make pre-build main-build 
a9-linaro-pre-build-step
 
Building file: ../src/helloworld.c
Invoking: ARM v7 gcc compiler
arm-none-eabi-gcc -Wall -O0 -g3 -c -fmessage-length=0 -MT"src/helloworld.o" -mcpu=cortex-a9 -mfpu=vfpv3 -mfloat-abi=hard -I../../app_bsp/ps7_cortexa9_0/include -MMD -MP -MF"src/helloworld.d" -MT"src/helloworld.o" -o "src/helloworld.o" "../src/helloworld.c"
../src/helloworld.c: In function 'main':
../src/helloworld.c:113:2: warning: implicit declaration of function 'usleep'; did you mean 'fseek'? [-Wimplicit-function-declaration]
  usleep(500);
  ^~~~~~
  fseek
../src/helloworld.c:165:20: error: 'cent_h_off' undeclared (first use in this function)
    SendBuffer[1] = cent_h_off;
                    ^~~~~~~~~~
../src/helloworld.c:165:20: note: each undeclared identifier is reported only once for each function it appears in
../src/helloworld.c:155:8: warning: unused variable 'signal' [-Wunused-variable]
    u16 signal;
        ^~~~~~
../src/helloworld.c:90:8: warning: unused variable 'Options' [-Wunused-variable]
     u8 Options;
        ^~~~~~~
../src/helloworld.c:88:7: warning: unused variable 'Status' [-Wunused-variable]
  u32  Status;
       ^~~~~~
../src/helloworld.c:87:6: warning: unused variable 'dist' [-Wunused-variable]
  u32 dist;
      ^~~~
In file included from ../../app_bsp/ps7_cortexa9_0/include/xiic.h:327:0,
                 from ../src/helloworld.c:51:
../src/helloworld.c: In function 'SetUpInterruptSystem':
../../app_bsp/ps7_cortexa9_0/include/xstatus.h:65:41: warning: 'return' with a value, in function returning void
 #define XST_FAILURE                     1L
                                         ^
../src/helloworld.c:237:10: note: in expansion of macro 'XST_FAILURE'
   return XST_FAILURE;
          ^~~~~~~~~~~
../src/helloworld.c:230:6: note: declared here
 void SetUpInterruptSystem()
      ^~~~~~~~~~~~~~~~~~~~
In file included from ../../app_bsp/ps7_cortexa9_0/include/xiic.h:327:0,
                 from ../src/helloworld.c:51:
../../app_bsp/ps7_cortexa9_0/include/xstatus.h:65:41: warning: 'return' with a value, in function returning void
 #define XST_FAILURE                     1L
                                         ^
../src/helloworld.c:242:10: note: in expansion of macro 'XST_FAILURE'
   return XST_FAILURE;
          ^~~~~~~~~~~
../src/helloworld.c:230:6: note: declared here
 void SetUpInterruptSystem()
      ^~~~~~~~~~~~~~~~~~~~
../src/helloworld.c:252:10: warning: 'return' with a value, in function returning void
   return Status;
          ^~~~~~
../src/helloworld.c:230:6: note: declared here
 void SetUpInterruptSystem()
      ^~~~~~~~~~~~~~~~~~~~
make: *** [src/helloworld.o] Error 1
13:10:15 **** Auto Build of configuration Debug for project app ****
make pre-build main-build 
a9-linaro-pre-build-step
 
Building file: ../src/helloworld.c
Invoking: ARM v7 gcc compiler
arm-none-eabi-gcc -Wall -O0 -g3 -c -fmessage-length=0 -MT"src/helloworld.o" -mcpu=cortex-a9 -mfpu=vfpv3 -mfloat-abi=hard -I../../app_bsp/ps7_cortexa9_0/include -MMD -MP -MF"src/helloworld.d" -MT"src/helloworld.o" -o "src/helloworld.o" "../src/helloworld.c"
../src/helloworld.c: In function 'main':
../src/helloworld.c:113:2: warning: implicit declaration of function 'usleep'; did you mean 'fseek'? [-Wimplicit-function-declaration]
  usleep(500);
  ^~~~~~
  fseek
../src/helloworld.c:165:20: error: 'cent_h_off' undeclared (first use in this function)
    SendBuffer[1] = cent_h_off;
                    ^~~~~~~~~~
../src/helloworld.c:165:20: note: each undeclared identifier is reported only once for each function it appears in
../src/helloworld.c:155:8: warning: variable 'signal' set but not used [-Wunused-but-set-variable]
    u16 signal;
        ^~~~~~
../src/helloworld.c:90:8: warning: unused variable 'Options' [-Wunused-variable]
     u8 Options;
        ^~~~~~~
../src/helloworld.c:88:7: warning: unused variable 'Status' [-Wunused-variable]
  u32  Status;
       ^~~~~~
../src/helloworld.c:87:6: warning: unused variable 'dist' [-Wunused-variable]
  u32 dist;
      ^~~~
In file included from ../../app_bsp/ps7_cortexa9_0/include/xiic.h:327:0,
                 from ../src/helloworld.c:51:
../src/helloworld.c: In function 'SetUpInterruptSystem':
../../app_bsp/ps7_cortexa9_0/include/xstatus.h:65:41: warning: 'return' with a value, in function returning void
 #define XST_FAILURE                     1L
                                         ^
../src/helloworld.c:237:10: note: in expansion of macro 'XST_FAILURE'
   return XST_FAILURE;
          ^~~~~~~~~~~
../src/helloworld.c:230:6: note: declared here
 void SetUpInterruptSystem()
      ^~~~~~~~~~~~~~~~~~~~
In file included from ../../app_bsp/ps7_cortexa9_0/include/xiic.h:327:0,
                 from ../src/helloworld.c:51:
../../app_bsp/ps7_cortexa9_0/include/xstatus.h:65:41: warning: 'return' with a value, in function returning void
 #define XST_FAILURE                     1L
                                         ^
../src/helloworld.c:242:10: note: in expansion of macro 'XST_FAILURE'
   return XST_FAILURE;
          ^~~~~~~~~~~
../src/helloworld.c:230:6: note: declared here
 void SetUpInterruptSystem()
      ^~~~~~~~~~~~~~~~~~~~
../src/helloworld.c:252:10: warning: 'return' with a value, in function returning void
   return Status;
          ^~~~~~
../src/helloworld.c:230:6: note: declared here
 void SetUpInterruptSystem()
      ^~~~~~~~~~~~~~~~~~~~
make: *** [src/helloworld.o] Error 1
13:12:52 **** Auto Build of configuration Debug for project app ****
make pre-build main-build 
a9-linaro-pre-build-step
 
Building file: ../src/helloworld.c
Invoking: ARM v7 gcc compiler
arm-none-eabi-gcc -Wall -O0 -g3 -c -fmessage-length=0 -MT"src/helloworld.o" -mcpu=cortex-a9 -mfpu=vfpv3 -mfloat-abi=hard -I../../app_bsp/ps7_cortexa9_0/include -MMD -MP -MF"src/helloworld.d" -MT"src/helloworld.o" -o "src/helloworld.o" "../src/helloworld.c"
../src/helloworld.c: In function 'main':
../src/helloworld.c:113:2: warning: implicit declaration of function 'usleep'; did you mean 'fseek'? [-Wimplicit-function-declaration]
  usleep(500);
  ^~~~~~
  fseek
../src/helloworld.c:162:7: warning: unused variable 'cent_l_off' [-Wunused-variable]
    u8 cent_l_off, cent_h_off;
       ^~~~~~~~~~
../src/helloworld.c:155:8: warning: variable 'signal' set but not used [-Wunused-but-set-variable]
    u16 signal;
        ^~~~~~
../src/helloworld.c:90:8: warning: unused variable 'Options' [-Wunused-variable]
     u8 Options;
        ^~~~~~~
../src/helloworld.c:88:7: warning: unused variable 'Status' [-Wunused-variable]
  u32  Status;
       ^~~~~~
../src/helloworld.c:87:6: warning: unused variable 'dist' [-Wunused-variable]
  u32 dist;
      ^~~~
In file included from ../../app_bsp/ps7_cortexa9_0/include/xiic.h:327:0,
                 from ../src/helloworld.c:51:
../src/helloworld.c: In function 'SetUpInterruptSystem':
../../app_bsp/ps7_cortexa9_0/include/xstatus.h:65:41: warning: 'return' with a value, in function returning void
 #define XST_FAILURE                     1L
                                         ^
../src/helloworld.c:238:10: note: in expansion of macro 'XST_FAILURE'
   return XST_FAILURE;
          ^~~~~~~~~~~
../src/helloworld.c:231:6: note: declared here
 void SetUpInterruptSystem()
      ^~~~~~~~~~~~~~~~~~~~
In file included from ../../app_bsp/ps7_cortexa9_0/include/xiic.h:327:0,
                 from ../src/helloworld.c:51:
../../app_bsp/ps7_cortexa9_0/include/xstatus.h:65:41: warning: 'return' with a value, in function returning void
 #define XST_FAILURE                     1L
                                         ^
../src/helloworld.c:243:10: note: in expansion of macro 'XST_FAILURE'
   return XST_FAILURE;
          ^~~~~~~~~~~
../src/helloworld.c:231:6: note: declared here
 void SetUpInterruptSystem()
      ^~~~~~~~~~~~~~~~~~~~
../src/helloworld.c:253:10: warning: 'return' with a value, in function returning void
   return Status;
          ^~~~~~
../src/helloworld.c:231:6: note: declared here
 void SetUpInterruptSystem()
      ^~~~~~~~~~~~~~~~~~~~
../src/helloworld.c: In function 'main':
../src/helloworld.c:166:18: warning: 'cent_h_off' is used uninitialized in this function [-Wuninitialized]
    SendBuffer[1] = cent_h_off;
    ~~~~~~~~~~~~~~^~~~~~~~~~~~
Finished building: ../src/helloworld.c
 
Building target: app.elf
Invoking: ARM v7 gcc linker
arm-none-eabi-gcc -mcpu=cortex-a9 -mfpu=vfpv3 -mfloat-abi=hard -Wl,-build-id=none -specs=Xilinx.spec -Wl,-T -Wl,../src/lscript.ld -L../../app_bsp/ps7_cortexa9_0/lib -o "app.elf"  ./src/helloworld.o ./src/platform.o   -lm -Wl,--start-group,-lxil,-lgcc,-lc,--end-group
Finished building target: app.elf
 
Invoking: ARM v7 Print Size
arm-none-eabi-size app.elf  |tee "app.elf.size"
   text	   data	    bss	    dec	    hex	filename
  87764	   4232	  23648	 115644	  1c3bc	app.elf
Finished building: app.elf.size
 
13:13:52 **** Auto Build of configuration Debug for project app ****
make pre-build main-build 
a9-linaro-pre-build-step
 
Building file: ../src/helloworld.c
Invoking: ARM v7 gcc compiler
arm-none-eabi-gcc -Wall -O0 -g3 -c -fmessage-length=0 -MT"src/helloworld.o" -mcpu=cortex-a9 -mfpu=vfpv3 -mfloat-abi=hard -I../../app_bsp/ps7_cortexa9_0/include -MMD -MP -MF"src/helloworld.d" -MT"src/helloworld.o" -o "src/helloworld.o" "../src/helloworld.c"
../src/helloworld.c: In function 'main':
../src/helloworld.c:113:2: warning: implicit declaration of function 'usleep'; did you mean 'fseek'? [-Wimplicit-function-declaration]
  usleep(500);
  ^~~~~~
  fseek
../src/helloworld.c:165:4: error: 'cetn_h_off' undeclared (first use in this function); did you mean 'cent_h_off'?
    cetn_h_off = (u8) (signal>>8);
    ^~~~~~~~~~
    cent_h_off
../src/helloworld.c:165:4: note: each undeclared identifier is reported only once for each function it appears in
../src/helloworld.c:162:7: warning: variable 'cent_l_off' set but not used [-Wunused-but-set-variable]
    u8 cent_l_off, cent_h_off;
       ^~~~~~~~~~
../src/helloworld.c:90:8: warning: unused variable 'Options' [-Wunused-variable]
     u8 Options;
        ^~~~~~~
[...]
 void SetUpInterruptSystem()
      ^~~~~~~~~~~~~~~~~~~~
In file included from ../../app_bsp/ps7_cortexa9_0/include/xiic.h:327:0,
                 from ../src/helloworld.c:51:
../../app_bsp/ps7_cortexa9_0/include/xstatus.h:65:41: warning: 'return' with a value, in function returning void
 #define XST_FAILURE                     1L
                                         ^
../src/helloworld.c:492:10: note: in expansion of macro 'XST_FAILURE'
   return XST_FAILURE;
          ^~~~~~~~~~~
../src/helloworld.c:480:6: note: declared here
 void SetUpInterruptSystem()
      ^~~~~~~~~~~~~~~~~~~~
../src/helloworld.c:502:10: warning: 'return' with a value, in function returning void
   return Status;
          ^~~~~~
../src/helloworld.c:480:6: note: declared here
 void SetUpInterruptSystem()
      ^~~~~~~~~~~~~~~~~~~~
Finished building: ../src/helloworld.c
 
Building target: app.elf
Invoking: ARM v7 gcc linker
arm-none-eabi-gcc -mcpu=cortex-a9 -mfpu=vfpv3 -mfloat-abi=hard -Wl,-build-id=none -specs=Xilinx.spec -Wl,-T -Wl,../src/lscript.ld -L../../app_bsp/ps7_cortexa9_0/lib -o "app.elf"  ./src/helloworld.o ./src/platform.o   -lm -Wl,--start-group,-lxil,-lgcc,-lc,--end-group
Finished building target: app.elf
 
Invoking: ARM v7 Print Size
arm-none-eabi-size app.elf  |tee "app.elf.size"
   text	   data	    bss	    dec	    hex	filename
  88948	   4228	  23680	 116856	  1c878	app.elf
Finished building: app.elf.size
 
22:37:03 **** Incremental Build of configuration Debug for project app ****
make pre-build main-build 
a9-linaro-pre-build-step
 
make: Nothing to be done for `main-build'.
22:38:29 **** Auto Build of configuration Debug for project app ****
make pre-build main-build 
a9-linaro-pre-build-step
 
Building file: ../src/helloworld.c
Invoking: ARM v7 gcc compiler
arm-none-eabi-gcc -Wall -O0 -g3 -c -fmessage-length=0 -MT"src/helloworld.o" -mcpu=cortex-a9 -mfpu=vfpv3 -mfloat-abi=hard -I../../app_bsp/ps7_cortexa9_0/include -MMD -MP -MF"src/helloworld.d" -MT"src/helloworld.o" -o "src/helloworld.o" "../src/helloworld.c"
../src/helloworld.c: In function 'main':
../src/helloworld.c:117:2: warning: implicit declaration of function 'usleep'; did you mean 'fseek'? [-Wimplicit-function-declaration]
  usleep(500);
  ^~~~~~
  fseek
../src/helloworld.c:136:5: warning: unused variable 'toggle' [-Wunused-variable]
  u8 toggle =0;
     ^~~~~~
../src/helloworld.c:131:5: warning: unused variable 'remember_wrist' [-Wunused-variable]
  u8 remember_wrist;
     ^~~~~~~~~~~~~~
../src/helloworld.c:130:5: warning: unused variable 'remember_rotate' [-Wunused-variable]
  u8 remember_rotate;
     ^~~~~~~~~~~~~~~
../src/helloworld.c:129:5: warning: unused variable 'base_val' [-Wunused-variable]
  u8 base_val;
     ^~~~~~~~
../src/helloworld.c:128:5: warning: unused variable 'snap_shot' [-Wunused-variable]
  u8 snap_shot = 0;
     ^~~~~~~~~
../src/helloworld.c:99:8: warning: unused variable 'Options' [-Wunused-variable]
     u8 Options;
        ^~~~~~~
../src/helloworld.c:97:7: warning: unused variable 'Status' [-Wunused-variable]
  u32  Status;
       ^~~~~~
../src/helloworld.c:96:6: warning: unused variable 'dist' [-Wunused-variable]
  u32 dist;
      ^~~~
In file included from ../../app_bsp/ps7_cortexa9_0/include/xiic.h:327:0,
                 from ../src/helloworld.c:51:
../src/helloworld.c: In function 'SetUpInterruptSystem':
../../app_bsp/ps7_cortexa9_0/include/xstatus.h:65:41: warning: 'return' with a value, in function returning void
 #define XST_FAILURE                     1L
                                         ^
../src/helloworld.c:489:10: note: in expansion of macro 'XST_FAILURE'
   return XST_FAILURE;
          ^~~~~~~~~~~
../src/helloworld.c:482:6: note: declared here
 void SetUpInterruptSystem()
      ^~~~~~~~~~~~~~~~~~~~
In file included from ../../app_bsp/ps7_cortexa9_0/include/xiic.h:327:0,
                 from ../src/helloworld.c:51:
../../app_bsp/ps7_cortexa9_0/include/xstatus.h:65:41: warning: 'return' with a value, in function returning void
 #define XST_FAILURE                     1L
                                         ^
../src/helloworld.c:494:10: note: in expansion of macro 'XST_FAILURE'
   return XST_FAILURE;
          ^~~~~~~~~~~
../src/helloworld.c:482:6: note: declared here
 void SetUpInterruptSystem()
      ^~~~~~~~~~~~~~~~~~~~
../src/helloworld.c:504:10: warning: 'return' with a value, in function returning void
   return Status;
          ^~~~~~
../src/helloworld.c:482:6: note: declared here
 void SetUpInterruptSystem()
      ^~~~~~~~~~~~~~~~~~~~
Finished building: ../src/helloworld.c
 
Building target: app.elf
Invoking: ARM v7 gcc linker
arm-none-eabi-gcc -mcpu=cortex-a9 -mfpu=vfpv3 -mfloat-abi=hard -Wl,-build-id=none -specs=Xilinx.spec -Wl,-T -Wl,../src/lscript.ld -L../../app_bsp/ps7_cortexa9_0/lib -o "app.elf"  ./src/helloworld.o ./src/platform.o   -lm -Wl,--start-group,-lxil,-lgcc,-lc,--end-group
Finished building target: app.elf
 
Invoking: ARM v7 Print Size
arm-none-eabi-size app.elf  |tee "app.elf.size"
   text	   data	    bss	    dec	    hex	filename
  88948	   4228	  23680	 116856	  1c878	app.elf
Finished building: app.elf.size
 
22:38:33 **** Incremental Build of configuration Debug for project app ****
make pre-build main-build 
a9-linaro-pre-build-step
 
make: Nothing to be done for `main-build'.
22:40:19 **** Auto Build of configuration Debug for project app ****
make pre-build main-build 
a9-linaro-pre-build-step
 
Building file: ../src/helloworld.c
Invoking: ARM v7 gcc compiler
arm-none-eabi-gcc -Wall -O0 -g3 -c -fmessage-length=0 -MT"src/helloworld.o" -mcpu=cortex-a9 -mfpu=vfpv3 -mfloat-abi=hard -I../../app_bsp/ps7_cortexa9_0/include -MMD -MP -MF"src/helloworld.d" -MT"src/helloworld.o" -o "src/helloworld.o" "../src/helloworld.c"
../src/helloworld.c: In function 'main':
../src/helloworld.c:117:2: warning: implicit declaration of function 'usleep'; did you mean 'fseek'? [-Wimplicit-function-declaration]
  usleep(500);
  ^~~~~~
  fseek
../src/helloworld.c:136:5: warning: unused variable 'toggle' [-Wunused-variable]
  u8 toggle =0;
     ^~~~~~
../src/helloworld.c:131:5: warning: unused variable 'remember_wrist' [-Wunused-variable]
  u8 remember_wrist;
     ^~~~~~~~~~~~~~
../src/helloworld.c:130:5: warning: unused variable 'remember_rotate' [-Wunused-variable]
  u8 remember_rotate;
     ^~~~~~~~~~~~~~~
../src/helloworld.c:129:5: warning: unused variable 'base_val' [-Wunused-variable]
  u8 base_val;
     ^~~~~~~~
../src/helloworld.c:128:5: warning: unused variable 'snap_shot' [-Wunused-variable]
  u8 snap_shot = 0;
     ^~~~~~~~~
../src/helloworld.c:99:8: warning: unused variable 'Options' [-Wunused-variable]
     u8 Options;
        ^~~~~~~
../src/helloworld.c:97:7: warning: unused variable 'Status' [-Wunused-variable]
  u32  Status;
       ^~~~~~
../src/helloworld.c:96:6: warning: unused variable 'dist' [-Wunused-variable]
  u32 dist;
      ^~~~
In file included from ../../app_bsp/ps7_cortexa9_0/include/xiic.h:327:0,
                 from ../src/helloworld.c:51:
../src/helloworld.c: In function 'SetUpInterruptSystem':
../../app_bsp/ps7_cortexa9_0/include/xstatus.h:65:41: warning: 'return' with a value, in function returning void
 #define XST_FAILURE                     1L
                                         ^
../src/helloworld.c:490:10: note: in expansion of macro 'XST_FAILURE'
   return XST_FAILURE;
          ^~~~~~~~~~~
../src/helloworld.c:483:6: note: declared here
 void SetUpInterruptSystem()
      ^~~~~~~~~~~~~~~~~~~~
In file included from ../../app_bsp/ps7_cortexa9_0/include/xiic.h:327:0,
                 from ../src/helloworld.c:51:
../../app_bsp/ps7_cortexa9_0/include/xstatus.h:65:41: warning: 'return' with a value, in function returning void
 #define XST_FAILURE                     1L
                                         ^
../src/helloworld.c:495:10: note: in expansion of macro 'XST_FAILURE'
   return XST_FAILURE;
          ^~~~~~~~~~~
../src/helloworld.c:483:6: note: declared here
 void SetUpInterruptSystem()
      ^~~~~~~~~~~~~~~~~~~~
../src/helloworld.c:505:10: warning: 'return' with a value, in function returning void
   return Status;
          ^~~~~~
../src/helloworld.c:483:6: note: declared here
 void SetUpInterruptSystem()
      ^~~~~~~~~~~~~~~~~~~~
Finished building: ../src/helloworld.c
 
Building target: app.elf
Invoking: ARM v7 gcc linker
arm-none-eabi-gcc -mcpu=cortex-a9 -mfpu=vfpv3 -mfloat-abi=hard -Wl,-build-id=none -specs=Xilinx.spec -Wl,-T -Wl,../src/lscript.ld -L../../app_bsp/ps7_cortexa9_0/lib -o "app.elf"  ./src/helloworld.o ./src/platform.o   -lm -Wl,--start-group,-lxil,-lgcc,-lc,--end-group
Finished building target: app.elf
 
Invoking: ARM v7 Print Size
arm-none-eabi-size app.elf  |tee "app.elf.size"
   text	   data	    bss	    dec	    hex	filename
  88948	   4228	  23680	 116856	  1c878	app.elf
Finished building: app.elf.size
 
22:40:27 **** Auto Build of configuration Debug for project app ****
make pre-build main-build 
a9-linaro-pre-build-step
 
Building file: ../src/helloworld.c
Invoking: ARM v7 gcc compiler
arm-none-eabi-gcc -Wall -O0 -g3 -c -fmessage-length=0 -MT"src/helloworld.o" -mcpu=cortex-a9 -mfpu=vfpv3 -mfloat-abi=hard -I../../app_bsp/ps7_cortexa9_0/include -MMD -MP -MF"src/helloworld.d" -MT"src/helloworld.o" -o "src/helloworld.o" "../src/helloworld.c"
../src/helloworld.c: In function 'main':
../src/helloworld.c:117:2: warning: implicit declaration of function 'usleep'; did you mean 'fseek'? [-Wimplicit-function-declaration]
  usleep(500);
  ^~~~~~
  fseek
../src/helloworld.c:136:5: warning: unused variable 'toggle' [-Wunused-variable]
  u8 toggle =0;
     ^~~~~~
../src/helloworld.c:131:5: warning: unused variable 'remember_wrist' [-Wunused-variable]
  u8 remember_wrist;
     ^~~~~~~~~~~~~~
../src/helloworld.c:130:5: warning: unused variable 'remember_rotate' [-Wunused-variable]
  u8 remember_rotate;
     ^~~~~~~~~~~~~~~
../src/helloworld.c:129:5: warning: unused variable 'base_val' [-Wunused-variable]
  u8 base_val;
     ^~~~~~~~
../src/helloworld.c:128:5: warning: unused variable 'snap_shot' [-Wunused-variable]
  u8 snap_shot = 0;
     ^~~~~~~~~
../src/helloworld.c:99:8: warning: unused variable 'Options' [-Wunused-variable]
     u8 Options;
        ^~~~~~~
../src/helloworld.c:97:7: warning: unused variable 'Status' [-Wunused-variable]
  u32  Status;
       ^~~~~~
../src/helloworld.c:96:6: warning: unused variable 'dist' [-Wunused-variable]
  u32 dist;
      ^~~~
In file included from ../../app_bsp/ps7_cortexa9_0/include/xiic.h:327:0,
                 from ../src/helloworld.c:51:
../src/helloworld.c: In function 'SetUpInterruptSystem':
../../app_bsp/ps7_cortexa9_0/include/xstatus.h:65:41: warning: 'return' with a value, in function returning void
 #define XST_FAILURE                     1L
                                         ^
../src/helloworld.c:490:10: note: in expansion of macro 'XST_FAILURE'
   return XST_FAILURE;
          ^~~~~~~~~~~
../src/helloworld.c:483:6: note: declared here
 void SetUpInterruptSystem()
      ^~~~~~~~~~~~~~~~~~~~
In file included from ../../app_bsp/ps7_cortexa9_0/include/xiic.h:327:0,
                 from ../src/helloworld.c:51:
../../app_bsp/ps7_cortexa9_0/include/xstatus.h:65:41: warning: 'return' with a value, in function returning void
 #define XST_FAILURE                     1L
                                         ^
../src/helloworld.c:495:10: note: in expansion of macro 'XST_FAILURE'
   return XST_FAILURE;
          ^~~~~~~~~~~
../src/helloworld.c:483:6: note: declared here
 void SetUpInterruptSystem()
      ^~~~~~~~~~~~~~~~~~~~
../src/helloworld.c:505:10: warning: 'return' with a value, in function returning void
   return Status;
          ^~~~~~
../src/helloworld.c:483:6: note: declared here
 void SetUpInterruptSystem()
      ^~~~~~~~~~~~~~~~~~~~
Finished building: ../src/helloworld.c
 
Building target: app.elf
Invoking: ARM v7 gcc linker
arm-none-eabi-gcc -mcpu=cortex-a9 -mfpu=vfpv3 -mfloat-abi=hard -Wl,-build-id=none -specs=Xilinx.spec -Wl,-T -Wl,../src/lscript.ld -L../../app_bsp/ps7_cortexa9_0/lib -o "app.elf"  ./src/helloworld.o ./src/platform.o   -lm -Wl,--start-group,-lxil,-lgcc,-lc,--end-group
Finished building target: app.elf
 
Invoking: ARM v7 Print Size
arm-none-eabi-size app.elf  |tee "app.elf.size"
   text	   data	    bss	    dec	    hex	filename
  89012	   4228	  23680	 116920	  1c8b8	app.elf
Finished building: app.elf.size
 
22:40:31 **** Incremental Build of configuration Debug for project app ****
make pre-build main-build 
a9-linaro-pre-build-step
 
make: Nothing to be done for `main-build'.
22:41:29 **** Auto Build of configuration Debug for project app ****
make pre-build main-build 
a9-linaro-pre-build-step
 
Building file: ../src/helloworld.c
Invoking: ARM v7 gcc compiler
arm-none-eabi-gcc -Wall -O0 -g3 -c -fmessage-length=0 -MT"src/helloworld.o" -mcpu=cortex-a9 -mfpu=vfpv3 -mfloat-abi=hard -I../../app_bsp/ps7_cortexa9_0/include -MMD -MP -MF"src/helloworld.d" -MT"src/helloworld.o" -o "src/helloworld.o" "../src/helloworld.c"
../src/helloworld.c: In function 'main':
../src/helloworld.c:117:2: warning: implicit declaration of function 'usleep'; did you mean 'fseek'? [-Wimplicit-function-declaration]
  usleep(500);
  ^~~~~~
  fseek
../src/helloworld.c:136:5: warning: unused variable 'toggle' [-Wunused-variable]
  u8 toggle =0;
     ^~~~~~
../src/helloworld.c:131:5: warning: unused variable 'remember_wrist' [-Wunused-variable]
  u8 remember_wrist;
     ^~~~~~~~~~~~~~
../src/helloworld.c:130:5: warning: unused variable 'remember_rotate' [-Wunused-variable]
  u8 remember_rotate;
     ^~~~~~~~~~~~~~~
../src/helloworld.c:129:5: warning: unused variable 'base_val' [-Wunused-variable]
  u8 base_val;
     ^~~~~~~~
../src/helloworld.c:128:5: warning: unused variable 'snap_shot' [-Wunused-variable]
  u8 snap_shot = 0;
     ^~~~~~~~~
../src/helloworld.c:99:8: warning: unused variable 'Options' [-Wunused-variable]
     u8 Options;
        ^~~~~~~
../src/helloworld.c:97:7: warning: unused variable 'Status' [-Wunused-variable]
  u32  Status;
       ^~~~~~
../src/helloworld.c:96:6: warning: unused variable 'dist' [-Wunused-variable]
  u32 dist;
      ^~~~
In file included from ../../app_bsp/ps7_cortexa9_0/include/xiic.h:327:0,
                 from ../src/helloworld.c:51:
../src/helloworld.c: In function 'SetUpInterruptSystem':
../../app_bsp/ps7_cortexa9_0/include/xstatus.h:65:41: warning: 'return' with a value, in function returning void
 #define XST_FAILURE                     1L
                                         ^
../src/helloworld.c:490:10: note: in expansion of macro 'XST_FAILURE'
   return XST_FAILURE;
          ^~~~~~~~~~~
../src/helloworld.c:483:6: note: declared here
 void SetUpInterruptSystem()
      ^~~~~~~~~~~~~~~~~~~~
In file included from ../../app_bsp/ps7_cortexa9_0/include/xiic.h:327:0,
                 from ../src/helloworld.c:51:
../../app_bsp/ps7_cortexa9_0/include/xstatus.h:65:41: warning: 'return' with a value, in function returning void
 #define XST_FAILURE                     1L
                                         ^
../src/helloworld.c:495:10: note: in expansion of macro 'XST_FAILURE'
   return XST_FAILURE;
          ^~~~~~~~~~~
../src/helloworld.c:483:6: note: declared here
 void SetUpInterruptSystem()
      ^~~~~~~~~~~~~~~~~~~~
../src/helloworld.c:505:10: warning: 'return' with a value, in function returning void
   return Status;
          ^~~~~~
../src/helloworld.c:483:6: note: declared here
 void SetUpInterruptSystem()
      ^~~~~~~~~~~~~~~~~~~~
Finished building: ../src/helloworld.c
 
Building target: app.elf
Invoking: ARM v7 gcc linker
arm-none-eabi-gcc -mcpu=cortex-a9 -mfpu=vfpv3 -mfloat-abi=hard -Wl,-build-id=none -specs=Xilinx.spec -Wl,-T -Wl,../src/lscript.ld -L../../app_bsp/ps7_cortexa9_0/lib -o "app.elf"  ./src/helloworld.o ./src/platform.o   -lm -Wl,--start-group,-lxil,-lgcc,-lc,--end-group
Finished building target: app.elf
 
Invoking: ARM v7 Print Size
arm-none-eabi-size app.elf  |tee "app.elf.size"
   text	   data	    bss	    dec	    hex	filename
  89012	   4228	  23680	 116920	  1c8b8	app.elf
Finished building: app.elf.size
 
22:42:03 **** Incremental Build of configuration Debug for project app ****
make pre-build main-build 
a9-linaro-pre-build-step
 
make: Nothing to be done for `main-build'.
22:42:51 **** Auto Build of configuration Debug for project app ****
make pre-build main-build 
a9-linaro-pre-build-step
 
Building file: ../src/helloworld.c
Invoking: ARM v7 gcc compiler
arm-none-eabi-gcc -Wall -O0 -g3 -c -fmessage-length=0 -MT"src/helloworld.o" -mcpu=cortex-a9 -mfpu=vfpv3 -mfloat-abi=hard -I../../app_bsp/ps7_cortexa9_0/include -MMD -MP -MF"src/helloworld.d" -MT"src/helloworld.o" -o "src/helloworld.o" "../src/helloworld.c"
../src/helloworld.c: In function 'main':
../src/helloworld.c:117:2: warning: implicit declaration of function 'usleep'; did you mean 'fseek'? [-Wimplicit-function-declaration]
  usleep(500);
  ^~~~~~
  fseek
../src/helloworld.c:136:5: warning: unused variable 'toggle' [-Wunused-variable]
  u8 toggle =0;
     ^~~~~~
../src/helloworld.c:131:5: warning: unused variable 'remember_wrist' [-Wunused-variable]
  u8 remember_wrist;
     ^~~~~~~~~~~~~~
../src/helloworld.c:130:5: warning: unused variable 'remember_rotate' [-Wunused-variable]
  u8 remember_rotate;
     ^~~~~~~~~~~~~~~
../src/helloworld.c:129:5: warning: unused variable 'base_val' [-Wunused-variable]
  u8 base_val;
     ^~~~~~~~
../src/helloworld.c:128:5: warning: unused variable 'snap_shot' [-Wunused-variable]
  u8 snap_shot = 0;
     ^~~~~~~~~
../src/helloworld.c:99:8: warning: unused variable 'Options' [-Wunused-variable]
     u8 Options;
        ^~~~~~~
../src/helloworld.c:97:7: warning: unused variable 'Status' [-Wunused-variable]
  u32  Status;
       ^~~~~~
../src/helloworld.c:96:6: warning: unused variable 'dist' [-Wunused-variable]
  u32 dist;
      ^~~~
In file included from ../../app_bsp/ps7_cortexa9_0/include/xiic.h:327:0,
                 from ../src/helloworld.c:51:
../src/helloworld.c: In function 'SetUpInterruptSystem':
../../app_bsp/ps7_cortexa9_0/include/xstatus.h:65:41: warning: 'return' with a value, in function returning void
 #define XST_FAILURE                     1L
                                         ^
../src/helloworld.c:490:10: note: in expansion of macro 'XST_FAILURE'
   return XST_FAILURE;
          ^~~~~~~~~~~
../src/helloworld.c:483:6: note: declared here
 void SetUpInterruptSystem()
      ^~~~~~~~~~~~~~~~~~~~
In file included from ../../app_bsp/ps7_cortexa9_0/include/xiic.h:327:0,
                 from ../src/helloworld.c:51:
../../app_bsp/ps7_cortexa9_0/include/xstatus.h:65:41: warning: 'return' with a value, in function returning void
 #define XST_FAILURE                     1L
                                         ^
../src/helloworld.c:495:10: note: in expansion of macro 'XST_FAILURE'
   return XST_FAILURE;
          ^~~~~~~~~~~
../src/helloworld.c:483:6: note: declared here
 void SetUpInterruptSystem()
      ^~~~~~~~~~~~~~~~~~~~
../src/helloworld.c:505:10: warning: 'return' with a value, in function returning void
   return Status;
          ^~~~~~
../src/helloworld.c:483:6: note: declared here
 void SetUpInterruptSystem()
      ^~~~~~~~~~~~~~~~~~~~
Finished building: ../src/helloworld.c
 
Building target: app.elf
Invoking: ARM v7 gcc linker
arm-none-eabi-gcc -mcpu=cortex-a9 -mfpu=vfpv3 -mfloat-abi=hard -Wl,-build-id=none -specs=Xilinx.spec -Wl,-T -Wl,../src/lscript.ld -L../../app_bsp/ps7_cortexa9_0/lib -o "app.elf"  ./src/helloworld.o ./src/platform.o   -lm -Wl,--start-group,-lxil,-lgcc,-lc,--end-group
Finished building target: app.elf
 
Invoking: ARM v7 Print Size
arm-none-eabi-size app.elf  |tee "app.elf.size"
   text	   data	    bss	    dec	    hex	filename
  89012	   4228	  23680	 116920	  1c8b8	app.elf
Finished building: app.elf.size
 
22:42:54 **** Incremental Build of configuration Debug for project app ****
make pre-build main-build 
a9-linaro-pre-build-step
 
make: Nothing to be done for `main-build'.
