#-----------------------------------------------------------
# Vivado v2017.3_AR70530 (64-bit)
# SW Build 2018833 on Wed Oct  4 19:58:22 MDT 2017
# IP Build 2016188 on Wed Oct  4 21:52:56 MDT 2017
# Start of session at: Tue Apr  9 13:09:12 2019
# Process ID: 14104
# Current directory: C:/Users/aptay/Documents/GitHub/Hackster/cvt_colour/solution1/sim/vhdl
# Command line: vivado.exe -source open_wave.tcl
# Log file: C:/Users/aptay/Documents/GitHub/Hackster/cvt_colour/solution1/sim/vhdl/vivado.log
# Journal file: C:/Users/aptay/Documents/GitHub/Hackster/cvt_colour/solution1/sim/vhdl\vivado.jou
#-----------------------------------------------------------
start_gui
source open_wave.tcl
open_wave_config C:/Users/aptay/Documents/GitHub/Hackster/cvt_colour/solution1/sim/vhdl/image_filter.wcfg
close_sim
{/apatb_image_filter_top/AESL_inst_image_filter}} 
add_wave {{/apatb_image_filter_top/AESL_axi_s_inst_INPUT_STREAM}} 
add_wave {{/apatb_image_filter_top/AESL_axi_s_inst_OUTPUT_STREAM}} 
add_wave {{/apatb_image_filter_top/AESL_axi_s_inst_INPUT_STREAM}} 
add_wave {{/apatb_image_filter_top/AESL_inst_image_filter/INPUT_STREAM_TDATA}} {{/apatb_image_filter_top/AESL_inst_image_filter/INPUT_STREAM_TKEEP}} {{/apatb_image_filter_top/AESL_inst_image_filter/INPUT_STREAM_TSTRB}} {{/apatb_image_filter_top/AESL_inst_image_filter/INPUT_STREAM_TUSER}} {{/apatb_image_filter_top/AESL_inst_image_filter/INPUT_STREAM_TLAST}} {{/apatb_image_filter_top/AESL_inst_image_filter/INPUT_STREAM_TID}} {{/apatb_image_filter_top/AESL_inst_image_filter/INPUT_STREAM_TDEST}} 
close_sim
