12:00:41 **** Auto Build of configuration Debug for project hdmi_config ****
make all 
'Building file: ../src/hdmi-config.c'
'Invoking: ARM v7 Linux gcc compiler'
arm-linux-gnueabihf-gcc -Wall -O0 -g3 -c -fmessage-length=0 -MT"src/hdmi-config.o" -MMD -MP -MF"src/hdmi-config.d" -MT"src/hdmi-config.o" -o "src/hdmi-config.o" "../src/hdmi-config.c"
'Finished building: ../src/hdmi-config.c'
' '
'Building target: hdmi_config.elf'
'Invoking: ARM v7 Linux gcc linker'
arm-linux-gnueabihf-gcc  -o "hdmi_config.elf"  ./src/hdmi-config.o ./src/hdmi_rx.o ./src/hdmi_tx.o ./src/i2c.o ./src/tda1997x.o ./src/tda998x.o   
'Finished building target: hdmi_config.elf'
' '
'Invoking: ARM v7 Linux Print Size'
arm-linux-gnueabihf-size hdmi_config.elf  |tee "hdmi_config.elf.size"
   text	   data	    bss	    dec	    hex	filename
  43688	   1020	    252	  44960	   afa0	hdmi_config.elf
'Finished building: hdmi_config.elf.size'
' '

12:00:42 Build Finished (took 720ms)

